==3208872== Memcheck, a memory error detector
==3208872== Copyright (C) 2002-2017, and GNU GPL'd, by Julian Seward et al.
==3208872== Using Valgrind-3.18.1-42b08ed5bd-20211015 and LibVEX; rerun with -h for copyright info
==3208872== Command: /bin/python3 ./www/cgi-bin/test.py
==3208872== Parent PID: 3208698
==3208872== 
--3208872-- 
--3208872-- Valgrind options:
--3208872--    --leak-check=full
--3208872--    --show-leak-kinds=all
--3208872--    --track-fds=yes
--3208872--    --trace-children=yes
--3208872--    --verbose
--3208872--    --log-file=valgrind.log
--3208872-- Contents of /proc/version:
--3208872--   Linux version 6.18.25-1-t2-jammy (root@27fd515f7681) (gcc (Ubuntu 11.4.0-1ubuntu1~22.04.3) 11.4.0, GNU ld (GNU Binutils for Ubuntu) 2.38) #1 SMP PREEMPT_DYNAMIC Mon Apr 27 18:40:28 UTC 2026
--3208872-- 
--3208872-- Arch and hwcaps: AMD64, LittleEndian, amd64-cx16-lzcnt-rdtscp-sse3-ssse3-avx-avx2-bmi-f16c-rdrand-rdseed
--3208872-- Page sizes: currently 4096, max supported 4096
--3208872-- Valgrind library directory: /usr/libexec/valgrind
--3208872-- Reading syms from /usr/bin/python3.10
--3208872--    object doesn't have a symbol table
--3208872-- Reading syms from /usr/lib/x86_64-linux-gnu/ld-linux-x86-64.so.2
--3208872--   Considering /usr/lib/debug/.build-id/8c/fa19934886748ff4603da8aa8fdb0c2402b8cf.debug ..
--3208872--   .. build-id is valid
--3208872-- Reading syms from /usr/libexec/valgrind/memcheck-amd64-linux
--3208872--    object doesn't have a symbol table
--3208872--    object doesn't have a dynamic symbol table
--3208872-- Scheduler: using generic scheduler lock implementation.
--3208872-- Reading suppressions file: /usr/libexec/valgrind/default.supp
==3208872== embedded gdbserver: reading from /tmp/vgdb-pipe-from-vgdb-to-3208872-by-???-on-???
==3208872== embedded gdbserver: writing to   /tmp/vgdb-pipe-to-vgdb-from-3208872-by-???-on-???
==3208872== embedded gdbserver: shared mem   /tmp/vgdb-pipe-shared-mem-vgdb-3208872-by-???-on-???
==3208872== 
==3208872== TO CONTROL THIS PROCESS USING vgdb (which you probably
==3208872== don't want to do, unless you know exactly what you're doing,
==3208872== or are doing some strange experiment):
==3208872==   /usr/bin/vgdb --pid=3208872 ...command...
==3208872== 
==3208872== TO DEBUG THIS PROCESS USING GDB: start GDB like this
==3208872==   /path/to/gdb /bin/python3
==3208872== and then give GDB the following command
==3208872==   target remote | /usr/bin/vgdb --pid=3208872
==3208872== --pid is optional if only one valgrind process is running
==3208872== 
--3208872-- REDIR: 0x402aa40 (ld-linux-x86-64.so.2:strlen) redirected to 0x580bcec2 (???)
--3208872-- REDIR: 0x402a810 (ld-linux-x86-64.so.2:index) redirected to 0x580bcedc (???)
--3208872-- Reading syms from /usr/libexec/valgrind/vgpreload_core-amd64-linux.so
--3208872--    object doesn't have a symbol table
--3208872-- Reading syms from /usr/libexec/valgrind/vgpreload_memcheck-amd64-linux.so
--3208872--    object doesn't have a symbol table
==3208872== WARNING: new redirection conflicts with existing -- ignoring it
--3208872--     old: 0x0402aa40 (strlen              ) R-> (0000.0) 0x580bcec2 ???
--3208872--     new: 0x0402aa40 (strlen              ) R-> (2007.0) 0x0484ee30 strlen
--3208872-- REDIR: 0x4027220 (ld-linux-x86-64.so.2:strcmp) redirected to 0x484fcd0 (strcmp)
--3208872-- REDIR: 0x402afa0 (ld-linux-x86-64.so.2:mempcpy) redirected to 0x4853840 (mempcpy)
--3208872-- Reading syms from /usr/lib/x86_64-linux-gnu/libm.so.6
--3208872--   Considering /usr/lib/debug/.build-id/2a/c471af4796e5b69e0e2dde85c3d3dacdcc0b3d.debug ..
--3208872--   .. build-id is valid
--3208872-- Reading syms from /usr/lib/x86_64-linux-gnu/libexpat.so.1.8.7
--3208872--    object doesn't have a symbol table
--3208872-- Reading syms from /usr/lib/x86_64-linux-gnu/libz.so.1.2.11
--3208872--    object doesn't have a symbol table
--3208872-- Reading syms from /usr/lib/x86_64-linux-gnu/libc.so.6
--3208872--   Considering /usr/lib/debug/.build-id/09/5c7ba148aeca81668091f718047078d57efddb.debug ..
--3208872--   .. build-id is valid
==3208872== WARNING: new redirection conflicts with existing -- ignoring it
--3208872--     old: 0x04a4ec60 (memalign            ) R-> (1011.0) 0x0484e080 memalign
--3208872--     new: 0x04a4ec60 (memalign            ) R-> (1017.0) 0x0484e050 aligned_alloc
==3208872== WARNING: new redirection conflicts with existing -- ignoring it
--3208872--     old: 0x04a4ec60 (memalign            ) R-> (1011.0) 0x0484e080 memalign
--3208872--     new: 0x04a4ec60 (memalign            ) R-> (1017.0) 0x0484e020 aligned_alloc
==3208872== WARNING: new redirection conflicts with existing -- ignoring it
--3208872--     old: 0x04a4ec60 (memalign            ) R-> (1011.0) 0x0484e080 memalign
--3208872--     new: 0x04a4ec60 (memalign            ) R-> (1017.0) 0x0484e050 aligned_alloc
==3208872== WARNING: new redirection conflicts with existing -- ignoring it
--3208872--     old: 0x04a4ec60 (memalign            ) R-> (1011.0) 0x0484e080 memalign
--3208872--     new: 0x04a4ec60 (memalign            ) R-> (1017.0) 0x0484e020 aligned_alloc
--3208872-- REDIR: 0x4a51720 (libc.so.6:strnlen) redirected to 0x483f220 (_vgnU_ifunc_wrapper)
--3208872-- REDIR: 0x4a519e0 (libc.so.6:strpbrk) redirected to 0x483f220 (_vgnU_ifunc_wrapper)
--3208872-- REDIR: 0x4a512e0 (libc.so.6:strcmp) redirected to 0x483f220 (_vgnU_ifunc_wrapper)
--3208872-- REDIR: 0x4a6fcd0 (libc.so.6:wcsnlen) redirected to 0x483f220 (_vgnU_ifunc_wrapper)
--3208872-- REDIR: 0x4a526d0 (libc.so.6:memset) redirected to 0x483f220 (_vgnU_ifunc_wrapper)
--3208872-- REDIR: 0x4a6e540 (libc.so.6:wcslen) redirected to 0x483f220 (_vgnU_ifunc_wrapper)
--3208872-- REDIR: 0x4a52c10 (libc.so.6:memcpy@@GLIBC_2.14) redirected to 0x483f220 (_vgnU_ifunc_wrapper)
--3208872-- REDIR: 0x4a6e370 (libc.so.6:wcschr) redirected to 0x483f220 (_vgnU_ifunc_wrapper)
--3208872-- REDIR: 0x4a51260 (libc.so.6:index) redirected to 0x483f220 (_vgnU_ifunc_wrapper)
--3208872-- REDIR: 0x4a51960 (libc.so.6:rindex) redirected to 0x483f220 (_vgnU_ifunc_wrapper)
--3208872-- REDIR: 0x4a525a0 (libc.so.6:memmove) redirected to 0x483f220 (_vgnU_ifunc_wrapper)
==3208872== Preferring higher priority redirection:
--3208872--     old: 0x04b49880 (__memcpy_avx_unalign) R-> (2018.0) 0x04850f90 __memcpy_avx_unaligned_erms
--3208872--     new: 0x04b49880 (__memcpy_avx_unalign) R-> (2018.1) 0x04852880 memmove
--3208872-- REDIR: 0x4a6e3f0 (libc.so.6:wcscmp) redirected to 0x483f220 (_vgnU_ifunc_wrapper)
--3208872-- REDIR: 0x4a529e0 (libc.so.6:stpncpy) redirected to 0x483f220 (_vgnU_ifunc_wrapper)
--3208872-- REDIR: 0x4a6e9b0 (libc.so.6:wmemchr) redirected to 0x483f220 (_vgnU_ifunc_wrapper)
--3208872-- REDIR: 0x4a51830 (libc.so.6:strncmp) redirected to 0x483f220 (_vgnU_ifunc_wrapper)
--3208872-- REDIR: 0x4a52a70 (libc.so.6:strcasecmp) redirected to 0x483f220 (_vgnU_ifunc_wrapper)
--3208872-- REDIR: 0x4a51420 (libc.so.6:strcspn) redirected to 0x483f220 (_vgnU_ifunc_wrapper)
--3208872-- REDIR: 0x4a6e470 (libc.so.6:wcscpy) redirected to 0x483f220 (_vgnU_ifunc_wrapper)
--3208872-- REDIR: 0x4a511d0 (libc.so.6:strcat) redirected to 0x483f220 (_vgnU_ifunc_wrapper)
--3208872-- REDIR: 0x4a52b60 (libc.so.6:strncasecmp_l) redirected to 0x483f220 (_vgnU_ifunc_wrapper)
--3208872-- REDIR: 0x4a52480 (libc.so.6:bcmp) redirected to 0x483f220 (_vgnU_ifunc_wrapper)
--3208872-- REDIR: 0x4a5a570 (libc.so.6:memrchr) redirected to 0x483f220 (_vgnU_ifunc_wrapper)
--3208872-- REDIR: 0x4a54010 (libc.so.6:strchrnul) redirected to 0x483f220 (_vgnU_ifunc_wrapper)
--3208872-- REDIR: 0x4a51390 (libc.so.6:strcpy) redirected to 0x483f220 (_vgnU_ifunc_wrapper)
--3208872-- REDIR: 0x4a52b10 (libc.so.6:strcasecmp_l) redirected to 0x483f220 (_vgnU_ifunc_wrapper)
--3208872-- REDIR: 0x4a516a0 (libc.so.6:strlen) redirected to 0x483f220 (_vgnU_ifunc_wrapper)
--3208872-- REDIR: 0x4a518d0 (libc.so.6:strncpy) redirected to 0x483f220 (_vgnU_ifunc_wrapper)
--3208872-- REDIR: 0x4a52950 (libc.so.6:stpcpy) redirected to 0x483f220 (_vgnU_ifunc_wrapper)
--3208872-- REDIR: 0x4a523f0 (libc.so.6:memchr) redirected to 0x483f220 (_vgnU_ifunc_wrapper)
--3208872-- REDIR: 0x4a51b00 (libc.so.6:strspn) redirected to 0x483f220 (_vgnU_ifunc_wrapper)
--3208872-- REDIR: 0x4a527d0 (libc.so.6:mempcpy) redirected to 0x483f220 (_vgnU_ifunc_wrapper)
--3208872-- REDIR: 0x4a52ac0 (libc.so.6:strncasecmp) redirected to 0x483f220 (_vgnU_ifunc_wrapper)
--3208872-- REDIR: 0x4a53f80 (libc.so.6:rawmemchr) redirected to 0x483f220 (_vgnU_ifunc_wrapper)
--3208872-- REDIR: 0x4a6e750 (libc.so.6:wcsrchr) redirected to 0x483f220 (_vgnU_ifunc_wrapper)
--3208872-- REDIR: 0x4add300 (libc.so.6:__memcpy_chk) redirected to 0x483f220 (_vgnU_ifunc_wrapper)
--3208872-- REDIR: 0x4a6e620 (libc.so.6:wcsncmp) redirected to 0x483f220 (_vgnU_ifunc_wrapper)
--3208872-- REDIR: 0x4a52310 (libc.so.6:strstr) redirected to 0x483f220 (_vgnU_ifunc_wrapper)
--3208872-- REDIR: 0x4add430 (libc.so.6:__memmove_chk) redirected to 0x483f220 (_vgnU_ifunc_wrapper)
==3208872== WARNING: new redirection conflicts with existing -- ignoring it
--3208872--     old: 0x04b49850 (__memcpy_chk_avx_una) R-> (2030.0) 0x04853940 __memcpy_chk
--3208872--     new: 0x04b49850 (__memcpy_chk_avx_una) R-> (2024.0) 0x048532c0 __memmove_chk
--3208872-- REDIR: 0x4b466d0 (libc.so.6:__strrchr_avx2) redirected to 0x484e810 (rindex)
--3208872-- REDIR: 0x4a4e0a0 (libc.so.6:malloc) redirected to 0x4848820 (malloc)
--3208872-- REDIR: 0x4b468a0 (libc.so.6:__strlen_avx2) redirected to 0x484ed10 (strlen)
--3208872-- REDIR: 0x4b49880 (libc.so.6:__memcpy_avx_unaligned_erms) redirected to 0x4852880 (memmove)
--3208872-- REDIR: 0x4b41a00 (libc.so.6:__strcmp_avx2) redirected to 0x484fbd0 (strcmp)
--3208872-- REDIR: 0x4a4e3e0 (libc.so.6:free) redirected to 0x484b210 (free)
--3208872-- REDIR: 0x4b46a20 (libc.so.6:__strnlen_avx2) redirected to 0x484ecb0 (strnlen)
--3208872-- REDIR: 0x4b42380 (libc.so.6:__memchr_avx2) redirected to 0x484fd50 (memchr)
--3208872-- REDIR: 0x4b46240 (libc.so.6:__strchr_avx2) redirected to 0x484e9f0 (index)
--3208872-- REDIR: 0x4b464c0 (libc.so.6:__strchrnul_avx2) redirected to 0x4853330 (strchrnul)
--3208872-- REDIR: 0x4b41e40 (libc.so.6:__strncmp_avx2) redirected to 0x484f3e0 (strncmp)
--3208872-- REDIR: 0x4b49840 (libc.so.6:__mempcpy_avx_unaligned_erms) redirected to 0x4853440 (mempcpy)
--3208872-- REDIR: 0x4a51fc0 (libc.so.6:__GI_strstr) redirected to 0x4853ae0 (__strstr_sse2)
--3208872-- REDIR: 0x4a4e740 (libc.so.6:realloc) redirected to 0x484dc50 (realloc)
--3208872-- REDIR: 0x4b43204 (libc.so.6:__strcasecmp_l_avx) redirected to 0x484f7e0 (strcasecmp_l)
--3208872-- REDIR: 0x4b48a60 (libc.so.6:__stpcpy_avx2) redirected to 0x4852130 (stpcpy)
--3208872-- REDIR: 0x4b4a040 (libc.so.6:__memset_avx2_unaligned_erms) redirected to 0x4852770 (memset)
--3208872-- REDIR: 0x49ee150 (libc.so.6:setenv) redirected to 0x48542d0 (set==3208698== 
==3208698== FILE DESCRIPTORS: 7 open (3 std) at exit.
==3208698== Open file descriptor 103: /usr/share/code/v8_context_snapshot.bin
==3208698==    <inherited from parent>
==3208698== 
==3208698== Open AF_UNIX socket 41: <unknown>
==3208698==    <inherited from parent>
==3208698== 
==3208698== Open file descriptor 40: /home/hlichten/.config/Code/logs/20260612T182604/ptyhost.log
==3208698==    <inherited from parent>
==3208698== 
==3208698== Open file descriptor 3: /home/hlichten/Documents/WebServ/valgrind.log
==3208698==    <inherited from parent>
==3208698== 
==3208698== 
==3208698== HEAP SUMMARY:
==3208698==     in use at exit: 0 bytes in 0 blocks
==3208698==   total heap usage: 646 allocs, 646 frees, 200,043 bytes allocated
==3208698== 
==3208698== All heap blocks were freed -- no leaks are possible
==3208698== 
==3208698== ERROR SUMMARY: 0 errors from 0 contexts (suppressed: 0 from 0)
0x4b47d70 (libc.so.6:__strcpy_avx2) redirected to 0x484ee60 (strcpy)
--3208872-- REDIR: 0x4b4b480 (libc.so.6:__wcsrchr_avx2) redirected to 0x48540e0 (wcsrchr)
==3208872== 
==3208872== FILE DESCRIPTORS: 15 open (3 std) at exit.
==3208872== Open file descriptor 103: /usr/share/code/v8_context_snapshot.bin
==3208872==    <inherited from parent>
==3208872== 
==3208872== Open AF_UNIX socket 41: <unknown>
==3208872==    <inherited from parent>
==3208872== 
==3208872== Open file descriptor 40: /home/hlichten/.config/Code/logs/20260612T182604/ptyhost.log
==3208872==    <inherited from parent>
==3208872== 
==3208872== Open file descriptor 11: /home/hlichten/Documents/WebServ/valgrind.log
==3208872==    <inherited from parent>
==3208872== 
==3208872== Open AF_INET socket 10: 127.0.0.1:8080 <-> 127.0.0.1:36146
==3208872==    <inherited from parent>
==3208872== 
==3208872== Open AF_INET socket 9: 0.0.0.0:8084 <-> unbound
==3208872==    <inherited from parent>
==3208872== 
==3208872== Open AF_INET socket 8: 0.0.0.0:8083 <-> unbound
==3208872==    <inherited from parent>
==3208872== 
==3208872== Open AF_INET socket 7: 0.0.0.0:8082 <-> unbound
==3208872==    <inherited from parent>
==3208872== 
==3208872== Open AF_INET socket 6: 0.0.0.0:8081 <-> unbound
==3208872==    <inherited from parent>
==3208872== 
==3208872== Open AF_INET socket 5: 0.0.0.0:9090 <-> unbound
==3208872==    <inherited from parent>
==3208872== 
==3208872== Open AF_INET socket 4: 0.0.0.0:8080 <-> unbound
==3208872==    <inherited from parent>
==3208872== 
==3208872== Open file descriptor 3: /home/hlichten/Documents/WebServ/valgrind.log
==3208872==    <inherited from parent>
==3208872== 
==3208872== 
==3208872== HEAP SUMMARY:
==3208872==     in use at exit: 480,330 bytes in 87 blocks
==3208872==   total heap usage: 1,870 allocs, 1,783 frees, 3,316,980 bytes allocated
==3208872== 
==3208872== Searching for pointers to 87 not-freed blocks
==3208872== Checked 4,290,000 bytes
==3208872== 
==3208872== 516 bytes in 1 blocks are still reachable in loss record 1 of 86
==3208872==    at 0x4848899: malloc (in /usr/libexec/valgrind/vgpreload_memcheck-amd64-linux.so)
==3208872==    by 0x258828: ??? (in /usr/bin/python3.10)
==3208872==    by 0x25E01F: PyType_Ready (in /usr/bin/python3.10)
==3208872==    by 0x35DAE4: ??? (in /usr/bin/python3.10)
==3208872==    by 0x2554A4: ??? (in /usr/bin/python3.10)
==3208872==    by 0x3581A7: ??? (in /usr/bin/python3.10)
==3208872==    by 0x357EE6: Py_InitializeFromConfig (in /usr/bin/python3.10)
==3208872==    by 0x355D2F: ??? (in /usr/bin/python3.10)
==3208872==    by 0x355C74: ??? (in /usr/bin/python3.10)
==3208872==    by 0x355C4C: Py_BytesMain (in /usr/bin/python3.10)
==3208872==    by 0x49D2D8F: (below main) (libc_start_call_main.h:58)
==3208872== 
==3208872== 545 bytes in 1 blocks are still reachable in loss record 2 of 86
==3208872==    at 0x4848899: malloc (in /usr/libexec/valgrind/vgpreload_memcheck-amd64-linux.so)
==3208872==    by 0x258828: ??? (in /usr/bin/python3.10)
==3208872==    by 0x25E01F: PyType_Ready (in /usr/bin/python3.10)
==3208872==    by 0x363B56: PyModule_AddType (in /usr/bin/python3.10)
==3208872==    by 0x367653: PyInit__io (in /usr/bin/python3.10)
==3208872==    by 0x2963F8: ??? (in /usr/bin/python3.10)
==3208872==    by 0x363906: ??? (in /usr/bin/python3.10)
==3208872==    by 0x292833: ??? (in /usr/bin/python3.10)
==3208872==    by 0x283CBD: _PyEval_EvalFrameDefault (in /usr/bin/python3.10)
==3208872==    by 0x29368B: _PyFunction_Vectorcall (in /usr/bin/python3.10)
==3208872==    by 0x27DBCF: _PyEval_EvalFrameDefault (in /usr/bin/python3.10)
==3208872==    by 0x29368B: _PyFunction_Vectorcall (in /usr/bin/python3.10)
==3208872== 
==3208872== 561 bytes in 1 blocks are still reachable in loss record 3 of 86
==3208872==    at 0x4848899: malloc (in /usr/libexec/valgrind/vgpreload_memcheck-amd64-linux.so)
==3208872==    by 0x258828: ??? (in /usr/bin/python3.10)
==3208872==    by 0x25E01F: PyType_Ready (in /usr/bin/python3.10)
==3208872==    by 0x35D620: ??? (in /usr/bin/python3.10)
==3208872==    by 0x2554A4: ??? (in /usr/bin/python3.10)
==3208872==    by 0x3581A7: ??? (in /usr/bin/python3.10)
==3208872==    by 0x357EE6: Py_InitializeFromConfig (in /usr/bin/python3.10)
==3208872==    by 0x355D2F: ??? (in /usr/bin/python3.10)
==3208872==    by 0x355C74: ??? (in /usr/bin/python3.10)
==3208872==    by 0x355C4C: Py_BytesMain (in /usr/bin/python3.10)
==3208872==    by 0x49D2D8F: (below main) (libc_start_call_main.h:58)
==3208872== 
==3208872== 567 bytes in 1 blocks are still reachable in loss record 4 of 86
==3208872==    at 0x4848899: malloc (in /usr/libexec/valgrind/vgpreload_memcheck-amd64-linux.so)
==3208872==    by 0x258828: ??? (in /usr/bin/python3.10)
==3208872==    by 0x25E01F: PyType_Ready (in /usr/bin/python3.10)
==3208872==    by 0x256563: ??? (in /usr/bin/python3.10)
==3208872==    by 0x3581A7: ??? (in /usr/bin/python3.10)
==3208872==    by 0x357EE6: Py_InitializeFromConfig (in /usr/bin/python3.10)
==3208872==    by 0x355D2F: ??? (in /usr/bin/python3.10)
==3208872==    by 0x355C74: ??? (in /usr/bin/python3.10)
==3208872==    by 0x355C4C: Py_BytesMain (in /usr/bin/python3.10)
==3208872==    by 0x49D2D8F: (below main) (libc_start_call_main.h:58)
==3208872== 
==3208872== 576 bytes in 1 blocks are still reachable in loss record 5 of 86
==3208872==    at 0x4848899: malloc (in /usr/libexec/valgrind/vgpreload_memcheck-amd64-linux.so)
==3208872==    by 0x256F62: PyObject_Malloc (in /usr/bin/python3.10)
==3208872==    by 0x25B4E5: ??? (in /usr/bin/python3.10)
==3208872==    by 0x259E1C: PyDict_SetDefault (in /usr/bin/python3.10)
==3208872==    by 0x25D387: PyType_Ready (in /usr/bin/python3.10)
==3208872==    by 0x35D5E4: ??? (in /usr/bin/python3.10)
==3208872==    by 0x2554A4: ??? (in /usr/bin/python3.10)
==3208872==    by 0x3581A7: ??? (in /usr/bin/python3.10)
==3208872==    by 0x357EE6: Py_InitializeFromConfig (in /usr/bin/python3.10)
==3208872==    by 0x355D2F: ??? (in /usr/bin/python3.10)
==3208872==    by 0x355C74: ??? (in /usr/bin/python3.10)
==3208872==    by 0x355C4C: Py_BytesMain (in /usr/bin/python3.10)
==3208872== 
==3208872== 576 bytes in 1 blocks are still reachable in loss record 6 of 86
==3208872==    at 0x4848899: malloc (in /usr/libexec/valgrind/vgpreload_memcheck-amd64-linux.so)
==3208872==    by 0x256F62: PyObject_Malloc (in /usr/bin/python3.10)
==3208872==    by 0x25B4E5: ??? (in /usr/bin/python3.10)
==3208872==    by 0x259E1C: PyDict_SetDefault (in /usr/bin/python3.10)
==3208872==    by 0x25E1B3: PyType_Ready (in /usr/bin/python3.10)
==3208872==    by 0x35D65C: ??? (in /usr/bin/python3.10)
==3208872==    by 0x2554A4: ??? (in /usr/bin/python3.10)
==3208872==    by 0x3581A7: ??? (in /usr/bin/python3.10)
==3208872==    by 0x357EE6: Py_InitializeFromConfig (in /usr/bin/python3.10)
==3208872==    by 0x355D2F: ??? (in /usr/bin/python3.10)
==3208872==    by 0x355C74: ??? (in /usr/bin/python3.10)
==3208872==    by 0x355C4C: Py_BytesMain (in /usr/bin/python3.10)
==3208872== 
==3208872== 576 bytes in 1 blocks are still reachable in loss record 7 of 86
==3208872==    at 0x4848899: malloc (in /usr/libexec/valgrind/vgpreload_memcheck-amd64-linux.so)
==3208872==    by 0x256F62: PyObject_Malloc (in /usr/bin/python3.10)
==3208872==    by 0x25B4E5: ??? (in /usr/bin/python3.10)
==3208872==    by 0x263623: ??? (in /usr/bin/python3.10)
==3208872==    by 0x25E041: PyType_Ready (in /usr/bin/python3.10)
==3208872==    by 0x35D6AC: ??? (in /usr/bin/python3.10)
==3208872==    by 0x2554A4: ??? (in /usr/bin/python3.10)
==3208872==    by 0x3581A7: ??? (in /usr/bin/python3.10)
==3208872==    by 0x357EE6: Py_InitializeFromConfig (in /usr/bin/python3.10)
==3208872==    by 0x355D2F: ??? (in /usr/bin/python3.10)
==3208872==    by 0x355C74: ??? (in /usr/bin/python3.10)
==3208872==    by 0x355C4C: Py_BytesMain (in /usr/bin/python3.10)
==3208872== 
==3208872== 576 bytes in 1 blocks are still reachable in loss record 8 of 86
==3208872==    at 0x4848899: malloc (in /usr/libexec/valgrind/vgpreload_memcheck-amd64-linux.so)
==3208872==    by 0x256F62: PyObject_Malloc (in /usr/bin/python3.10)
==3208872==    by 0x25B4E5: ??? (in /usr/bin/python3.10)
==3208872==    by 0x259E1C: PyDict_SetDefault (in /usr/bin/python3.10)
==3208872==    by 0x25DD87: PyType_Ready (in /usr/bin/python3.10)
==3208872==    by 0x35D710: ??? (in /usr/bin/python3.10)
==3208872==    by 0x2554A4: ??? (in /usr/bin/python3.10)
==3208872==    by 0x3581A7: ??? (in /usr/bin/python3.10)
==3208872==    by 0x357EE6: Py_InitializeFromConfig (in /usr/bin/python3.10)
==3208872==    by 0x355D2F: ??? (in /usr/bin/python3.10)
==3208872==    by 0x355C74: ??? (in /usr/bin/python3.10)
==3208872==    by 0x355C4C: Py_BytesMain (in /usr/bin/python3.10)
==3208872== 
==3208872== 576 bytes in 1 blocks are still reachable in loss record 9 of 86
==3208872==    at 0x4848899: malloc (in /usr/libexec/valgrind/vgpreload_memcheck-amd64-linux.so)
==3208872==    by 0x256F62: PyObject_Malloc (in /usr/bin/python3.10)
==3208872==    by 0x25B4E5: ??? (in /usr/bin/python3.10)
==3208872==    by 0x259E1C: PyDict_SetDefault (in /usr/bin/python3.10)
==3208872==    by 0x25D387: PyType_Ready (in /usr/bin/python3.10)
==3208872==    by 0x35D83C: ??? (in /usr/bin/python3.10)
==3208872==    by 0x2554A4: ??? (in /usr/bin/python3.10)
==3208872==    by 0x3581A7: ??? (in /usr/bin/python3.10)
==3208872==    by 0x357EE6: Py_InitializeFromConfig (in /usr/bin/python3.10)
==3208872==    by 0x355D2F: ??? (in /usr/bin/python3.10)
==3208872==    by 0x355C74: ??? (in /usr/bin/python3.10)
==3208872==    by 0x355C4C: Py_BytesMain (in /usr/bin/python3.10)
==3208872== 
==3208872== 576 bytes in 1 blocks are still reachable in loss record 10 of 86
==3208872==    at 0x4848899: malloc (in /usr/libexec/valgrind/vgpreload_memcheck-amd64-linux.so)
==3208872==    by 0x256F62: PyObject_Malloc (in /usr/bin/python3.10)
==3208872==    by 0x25B4E5: ??? (in /usr/bin/python3.10)
==3208872==    by 0x259E1C: PyDict_SetDefault (in /usr/bin/python3.10)
==3208872==    by 0x25DD87: PyType_Ready (in /usr/bin/python3.10)
==3208872==    by 0x35D864: ??? (in /usr/bin/python3.10)
==3208872==    by 0x2554A4: ??? (in /usr/bin/python3.10)
==3208872==    by 0x3581A7: ??? (in /usr/bin/python3.10)
==3208872==    by 0x357EE6: Py_InitializeFromConfig (in /usr/bin/python3.10)
==3208872==    by 0x355D2F: ??? (in /usr/bin/python3.10)
==3208872==    by 0x355C74: ??? (in /usr/bin/python3.10)
==3208872==    by 0x355C4C: Py_BytesMain (in /usr/bin/python3.10)
==3208872== 
==3208872== 576 bytes in 1 blocks are still reachable in loss record 11 of 86
==3208872==    at 0x4848899: malloc (in /usr/libexec/valgrind/vgpreload_memcheck-amd64-linux.so)
==3208872==    by 0x256F62: PyObject_Malloc (in /usr/bin/python3.10)
==3208872==    by 0x25B4E5: ??? (in /usr/bin/python3.10)
==3208872==    by 0x259E1C: PyDict_SetDefault (in /usr/bin/python3.10)
==3208872==    by 0x25DD87: PyType_Ready (in /usr/bin/python3.10)
==3208872==    by 0x35D878: ??? (in /usr/bin/python3.10)
==3208872==    by 0x2554A4: ??? (in /usr/bin/python3.10)
==3208872==    by 0x3581A7: ??? (in /usr/bin/python3.10)
==3208872==    by 0x357EE6: Py_InitializeFromConfig (in /usr/bin/python3.10)
==3208872==    by 0x355D2F: ??? (in /usr/bin/python3.10)
==3208872==    by 0x355C74: ??? (in /usr/bin/python3.10)
==3208872==    by 0x355C4C: Py_BytesMain (in /usr/bin/python3.10)
==3208872== 
==3208872== 576 bytes in 1 blocks are still reachable in loss record 12 of 86
==3208872==    at 0x4848899: malloc (in /usr/libexec/valgrind/vgpreload_memcheck-amd64-linux.so)
==3208872==    by 0x256F62: PyObject_Malloc (in /usr/bin/python3.10)
==3208872==    by 0x25B4E5: ??? (in /usr/bin/python3.10)
==3208872==    by 0x263623: ??? (in /usr/bin/python3.10)
==3208872==    by 0x25C626: PyType_Ready (in /usr/bin/python3.10)
==3208872==    by 0x35D8A0: ??? (in /usr/bin/python3.10)
==3208872==    by 0x2554A4: ??? (in /usr/bin/python3.10)
==3208872==    by 0x3581A7: ??? (in /usr/bin/python3.10)
==3208872==    by 0x357EE6: Py_InitializeFromConfig (in /usr/bin/python3.10)
==3208872==    by 0x355D2F: ??? (in /usr/bin/python3.10)
==3208872==    by 0x355C74: ??? (in /usr/bin/python3.10)
==3208872==    by 0x355C4C: Py_BytesMain (in /usr/bin/python3.10)
==3208872== 
==3208872== 576 bytes in 1 blocks are still reachable in loss record 13 of 86
==3208872==    at 0x4848899: malloc (in /usr/libexec/valgrind/vgpreload_memcheck-amd64-linux.so)
==3208872==    by 0x256F62: PyObject_Malloc (in /usr/bin/python3.10)
==3208872==    by 0x25B4E5: ??? (in /usr/bin/python3.10)
==3208872==    by 0x263623: ??? (in /usr/bin/python3.10)
==3208872==    by 0x25C626: PyType_Ready (in /usr/bin/python3.10)
==3208872==    by 0x35D954: ??? (in /usr/bin/python3.10)
==3208872==    by 0x2554A4: ??? (in /usr/bin/python3.10)
==3208872==    by 0x3581A7: ??? (in /usr/bin/python3.10)
==3208872==    by 0x357EE6: Py_InitializeFromConfig (in /usr/bin/python3.10)
==3208872==    by 0x355D2F: ??? (in /usr/bin/python3.10)
==3208872==    by 0x355C74: ??? (in /usr/bin/python3.10)
==3208872==    by 0x355C4C: Py_BytesMain (in /usr/bin/python3.10)
==3208872== 
==3208872== 576 bytes in 1 blocks are still reachable in loss record 14 of 86
==3208872==    at 0x4848899: malloc (in /usr/libexec/valgrind/vgpreload_memcheck-amd64-linux.so)
==3208872==    by 0x256F62: PyObject_Malloc (in /usr/bin/python3.10)
==3208872==    by 0x25B4E5: ??? (in /usr/bin/python3.10)
==3208872==    by 0x259E1C: PyDict_SetDefault (in /usr/bin/python3.10)
==3208872==    by 0x25D387: PyType_Ready (in /usr/bin/python3.10)
==3208872==    by 0x35DA08: ??? (in /usr/bin/python3.10)
==3208872==    by 0x2554A4: ??? (in /usr/bin/python3.10)
==3208872==    by 0x3581A7: ??? (in /usr/bin/python3.10)
==3208872==    by 0x357EE6: Py_InitializeFromConfig (in /usr/bin/python3.10)
==3208872==    by 0x355D2F: ??? (in /usr/bin/python3.10)
==3208872==    by 0x355C74: ??? (in /usr/bin/python3.10)
==3208872==    by 0x355C4C: Py_BytesMain (in /usr/bin/python3.10)
==3208872== 
==3208872== 576 bytes in 1 blocks are still reachable in loss record 15 of 86
==3208872==    at 0x4848899: malloc (in /usr/libexec/valgrind/vgpreload_memcheck-amd64-linux.so)
==3208872==    by 0x256F62: PyObject_Malloc (in /usr/bin/python3.10)
==3208872==    by 0x25B4E5: ??? (in /usr/bin/python3.10)
==3208872==    by 0x263623: ??? (in /usr/bin/python3.10)
==3208872==    by 0x25C95E: PyType_Ready (in /usr/bin/python3.10)
==3208872==    by 0x35DA58: ??? (in /usr/bin/python3.10)
==3208872==    by 0x2554A4: ??? (in /usr/bin/python3.10)
==3208872==    by 0x3581A7: ??? (in /usr/bin/python3.10)
==3208872==    by 0x357EE6: Py_InitializeFromConfig (in /usr/bin/python3.10)
==3208872==    by 0x355D2F: ??? (in /usr/bin/python3.10)
==3208872==    by 0x355C74: ??? (in /usr/bin/python3.10)
==3208872==    by 0x355C4C: Py_BytesMain (in /usr/bin/python3.10)
==3208872== 
==3208872== 576 bytes in 1 blocks are still reachable in loss record 16 of 86
==3208872==    at 0x4848899: malloc (in /usr/libexec/valgrind/vgpreload_memcheck-amd64-linux.so)
==3208872==    by 0x256F62: PyObject_Malloc (in /usr/bin/python3.10)
==3208872==    by 0x25B4E5: ??? (in /usr/bin/python3.10)
==3208872==    by 0x259E1C: PyDict_SetDefault (in /usr/bin/python3.10)
==3208872==    by 0x25E1B3: PyType_Ready (in /usr/bin/python3.10)
==3208872==    by 0x35DAA8: ??? (in /usr/bin/python3.10)
==3208872==    by 0x2554A4: ??? (in /usr/bin/python3.10)
==3208872==    by 0x3581A7: ??? (in /usr/bin/python3.10)
==3208872==    by 0x357EE6: Py_InitializeFromConfig (in /usr/bin/python3.10)
==3208872==    by 0x355D2F: ??? (in /usr/bin/python3.10)
==3208872==    by 0x355C74: ??? (in /usr/bin/python3.10)
==3208872==    by 0x355C4C: Py_BytesMain (in /usr/bin/python3.10)
==3208872== 
==3208872== 576 bytes in 1 blocks are still reachable in loss record 17 of 86
==3208872==    at 0x4848899: malloc (in /usr/libexec/valgrind/vgpreload_memcheck-amd64-linux.so)
==3208872==    by 0x256F62: PyObject_Malloc (in /usr/bin/python3.10)
==3208872==    by 0x25B4E5: ??? (in /usr/bin/python3.10)
==3208872==    by 0x263623: ??? (in /usr/bin/python3.10)
==3208872==    by 0x25C95E: PyType_Ready (in /usr/bin/python3.10)
==3208872==    by 0x35DAD0: ??? (in /usr/bin/python3.10)
==3208872==    by 0x2554A4: ??? (in /usr/bin/python3.10)
==3208872==    by 0x3581A7: ??? (in /usr/bin/python3.10)
==3208872==    by 0x357EE6: Py_InitializeFromConfig (in /usr/bin/python3.10)
==3208872==    by 0x355D2F: ??? (in /usr/bin/python3.10)
==3208872==    by 0x355C74: ??? (in /usr/bin/python3.10)
==3208872==    by 0x355C4C: Py_BytesMain (in /usr/bin/python3.10)
==3208872== 
==3208872== 576 bytes in 1 blocks are still reachable in loss record 18 of 86
==3208872==    at 0x4848899: malloc (in /usr/libexec/valgrind/vgpreload_memcheck-amd64-linux.so)
==3208872==    by 0x256F62: PyObject_Malloc (in /usr/bin/python3.10)
==3208872==    by 0x25B4E5: ??? (in /usr/bin/python3.10)
==3208872==    by 0x263623: ??? (in /usr/bin/python3.10)
==3208872==    by 0x25C626: PyType_Ready (in /usr/bin/python3.10)
==3208872==    by 0x35DBE8: ??? (in /usr/bin/python3.10)
==3208872==    by 0x2554A4: ??? (in /usr/bin/python3.10)
==3208872==    by 0x3581A7: ??? (in /usr/bin/python3.10)
==3208872==    by 0x357EE6: Py_InitializeFromConfig (in /usr/bin/python3.10)
==3208872==    by 0x355D2F: ??? (in /usr/bin/python3.10)
==3208872==    by 0x355C74: ??? (in /usr/bin/python3.10)
==3208872==    by 0x355C4C: Py_BytesMain (in /usr/bin/python3.10)
==3208872== 
==3208872== 576 bytes in 1 blocks are still reachable in loss record 19 of 86
==3208872==    at 0x4848899: malloc (in /usr/libexec/valgrind/vgpreload_memcheck-amd64-linux.so)
==3208872==    by 0x256F62: PyObject_Malloc (in /usr/bin/python3.10)
==3208872==    by 0x25B4E5: ??? (in /usr/bin/python3.10)
==3208872==    by 0x259E1C: PyDict_SetDefault (in /usr/bin/python3.10)
==3208872==    by 0x25E1B3: PyType_Ready (in /usr/bin/python3.10)
==3208872==    by 0x35DC10: ??? (in /usr/bin/python3.10)
==3208872==    by 0x2554A4: ??? (in /usr/bin/python3.10)
==3208872==    by 0x3581A7: ??? (in /usr/bin/python3.10)
==3208872==    by 0x357EE6: Py_InitializeFromConfig (in /usr/bin/python3.10)
==3208872==    by 0x355D2F: ??? (in /usr/bin/python3.10)
==3208872==    by 0x355C74: ??? (in /usr/bin/python3.10)
==3208872==    by 0x355C4C: Py_BytesMain (in /usr/bin/python3.10)
==3208872== 
==3208872== 576 bytes in 1 blocks are still reachable in loss record 20 of 86
==3208872==    at 0x4848899: malloc (in /usr/libexec/valgrind/vgpreload_memcheck-amd64-linux.so)
==3208872==    by 0x256F62: PyObject_Malloc (in /usr/bin/python3.10)
==3208872==    by 0x25B4E5: ??? (in /usr/bin/python3.10)
==3208872==    by 0x263623: ??? (in /usr/bin/python3.10)
==3208872==    by 0x25C626: PyType_Ready (in /usr/bin/python3.10)
==3208872==    by 0x35DC24: ??? (in /usr/bin/python3.10)
==3208872==    by 0x2554A4: ??? (in /usr/bin/python3.10)
==3208872==    by 0x3581A7: ??? (in /usr/bin/python3.10)
==3208872==    by 0x357EE6: Py_InitializeFromConfig (in /usr/bin/python3.10)
==3208872==    by 0x355D2F: ??? (in /usr/bin/python3.10)
==3208872==    by 0x355C74: ??? (in /usr/bin/python3.10)
==3208872==    by 0x355C4C: Py_BytesMain (in /usr/bin/python3.10)
==3208872== 
==3208872== 576 bytes in 1 blocks are still reachable in loss record 21 of 86
==3208872==    at 0x4848899: malloc (in /usr/libexec/valgrind/vgpreload_memcheck-amd64-linux.so)
==3208872==    by 0x256F62: PyObject_Malloc (in /usr/bin/python3.10)
==3208872==    by 0x25B4E5: ??? (in /usr/bin/python3.10)
==3208872==    by 0x263623: ??? (in /usr/bin/python3.10)
==3208872==    by 0x25C626: PyType_Ready (in /usr/bin/python3.10)
==3208872==    by 0x35DC88: ??? (in /usr/bin/python3.10)
==3208872==    by 0x2554A4: ??? (in /usr/bin/python3.10)
==3208872==    by 0x3581A7: ??? (in /usr/bin/python3.10)
==3208872==    by 0x357EE6: Py_InitializeFromConfig (in /usr/bin/python3.10)
==3208872==    by 0x355D2F: ??? (in /usr/bin/python3.10)
==3208872==    by 0x355C74: ??? (in /usr/bin/python3.10)
==3208872==    by 0x355C4C: Py_BytesMain (in /usr/bin/python3.10)
==3208872== 
==3208872== 576 bytes in 1 blocks are still reachable in loss record 22 of 86
==3208872==    at 0x4848899: malloc (in /usr/libexec/valgrind/vgpreload_memcheck-amd64-linux.so)
==3208872==    by 0x256F62: PyObject_Malloc (in /usr/bin/python3.10)
==3208872==    by 0x25B4E5: ??? (in /usr/bin/python3.10)
==3208872==    by 0x263623: ??? (in /usr/bin/python3.10)
==3208872==    by 0x25C626: PyType_Ready (in /usr/bin/python3.10)
==3208872==    by 0x35DC9C: ??? (in /usr/bin/python3.10)
==3208872==    by 0x2554A4: ??? (in /usr/bin/python3.10)
==3208872==    by 0x3581A7: ??? (in /usr/bin/python3.10)
==3208872==    by 0x357EE6: Py_InitializeFromConfig (in /usr/bin/python3.10)
==3208872==    by 0x355D2F: ??? (in /usr/bin/python3.10)
==3208872==    by 0x355C74: ??? (in /usr/bin/python3.10)
==3208872==    by 0x355C4C: Py_BytesMain (in /usr/bin/python3.10)
==3208872== 
==3208872== 576 bytes in 1 blocks are still reachable in loss record 23 of 86
==3208872==    at 0x4848899: malloc (in /usr/libexec/valgrind/vgpreload_memcheck-amd64-linux.so)
==3208872==    by 0x256F62: PyObject_Malloc (in /usr/bin/python3.10)
==3208872==    by 0x25B4E5: ??? (in /usr/bin/python3.10)
==3208872==    by 0x263623: ??? (in /usr/bin/python3.10)
==3208872==    by 0x267422: PyDict_SetItemString (in /usr/bin/python3.10)
==3208872==    by 0x35E2D5: ??? (in /usr/bin/python3.10)
==3208872==    by 0x35E184: _PyStructSequence_InitType (in /usr/bin/python3.10)
==3208872==    by 0x2554DA: ??? (in /usr/bin/python3.10)
==3208872==    by 0x3581A7: ??? (in /usr/bin/python3.10)
==3208872==    by 0x357EE6: Py_InitializeFromConfig (in /usr/bin/python3.10)
==3208872==    by 0x355D2F: ??? (in /usr/bin/python3.10)
==3208872==    by 0x355C74: ??? (in /usr/bin/python3.10)
==3208872== 
==3208872== 576 bytes in 1 blocks are still reachable in loss record 24 of 86
==3208872==    at 0x4848899: malloc (in /usr/libexec/valgrind/vgpreload_memcheck-amd64-linux.so)
==3208872==    by 0x256F62: PyObject_Malloc (in /usr/bin/python3.10)
==3208872==    by 0x25B4E5: ??? (in /usr/bin/python3.10)
==3208872==    by 0x259E1C: PyDict_SetDefault (in /usr/bin/python3.10)
==3208872==    by 0x25D387: PyType_Ready (in /usr/bin/python3.10)
==3208872==    by 0x35E162: _PyStructSequence_InitType (in /usr/bin/python3.10)
==3208872==    by 0x25554F: ??? (in /usr/bin/python3.10)
==3208872==    by 0x3581A7: ??? (in /usr/bin/python3.10)
==3208872==    by 0x357EE6: Py_InitializeFromConfig (in /usr/bin/python3.10)
==3208872==    by 0x355D2F: ??? (in /usr/bin/python3.10)
==3208872==    by 0x355C74: ??? (in /usr/bin/python3.10)
==3208872==    by 0x355C4C: Py_BytesMain (in /usr/bin/python3.10)
==3208872== 
==3208872== 576 bytes in 1 blocks are still reachable in loss record 25 of 86
==3208872==    at 0x4848899: malloc (in /usr/libexec/valgrind/vgpreload_memcheck-amd64-linux.so)
==3208872==    by 0x256F62: PyObject_Malloc (in /usr/bin/python3.10)
==3208872==    by 0x25B4E5: ??? (in /usr/bin/python3.10)
==3208872==    by 0x259E1C: PyDict_SetDefault (in /usr/bin/python3.10)
==3208872==    by 0x25D387: PyType_Ready (in /usr/bin/python3.10)
==3208872==    by 0x35E431: ??? (in /usr/bin/python3.10)
==3208872==    by 0x255566: ??? (in /usr/bin/python3.10)
==3208872==    by 0x3581A7: ??? (in /usr/bin/python3.10)
==3208872==    by 0x357EE6: Py_InitializeFromConfig (in /usr/bin/python3.10)
==3208872==    by 0x355D2F: ??? (in /usr/bin/python3.10)
==3208872==    by 0x355C74: ??? (in /usr/bin/python3.10)
==3208872==    by 0x355C4C: Py_BytesMain (in /usr/bin/python3.10)
==3208872== 
==3208872== 576 bytes in 1 blocks are still reachable in loss record 26 of 86
==3208872==    at 0x4848899: malloc (in /usr/libexec/valgrind/vgpreload_memcheck-amd64-linux.so)
==3208872==    by 0x256F62: PyObject_Malloc (in /usr/bin/python3.10)
==3208872==    by 0x25B4E5: ??? (in /usr/bin/python3.10)
==3208872==    by 0x263623: ??? (in /usr/bin/python3.10)
==3208872==    by 0x25E041: PyType_Ready (in /usr/bin/python3.10)
==3208872==    by 0x35E73A: ??? (in /usr/bin/python3.10)
==3208872==    by 0x255566: ??? (in /usr/bin/python3.10)
==3208872==    by 0x3581A7: ??? (in /usr/bin/python3.10)
==3208872==    by 0x357EE6: Py_InitializeFromConfig (in /usr/bin/python3.10)
==3208872==    by 0x355D2F: ??? (in /usr/bin/python3.10)
==3208872==    by 0x355C74: ??? (in /usr/bin/python3.10)
==3208872==    by 0x355C4C: Py_BytesMain (in /usr/bin/python3.10)
==3208872== 
==3208872== 576 bytes in 1 blocks are still reachable in loss record 27 of 86
==3208872==    at 0x4848899: malloc (in /usr/libexec/valgrind/vgpreload_memcheck-amd64-linux.so)
==3208872==    by 0x256F62: PyObject_Malloc (in /usr/bin/python3.10)
==3208872==    by 0x25B4E5: ??? (in /usr/bin/python3.10)
==3208872==    by 0x263623: ??? (in /usr/bin/python3.10)
==3208872==    by 0x25D2A8: PyType_Ready (in /usr/bin/python3.10)
==3208872==    by 0x35E7BB: ??? (in /usr/bin/python3.10)
==3208872==    by 0x255566: ??? (in /usr/bin/python3.10)
==3208872==    by 0x3581A7: ??? (in /usr/bin/python3.10)
==3208872==    by 0x357EE6: Py_InitializeFromConfig (in /usr/bin/python3.10)
==3208872==    by 0x355D2F: ??? (in /usr/bin/python3.10)
==3208872==    by 0x355C74: ??? (in /usr/bin/python3.10)
==3208872==    by 0x355C4C: Py_BytesMain (in /usr/bin/python3.10)
==3208872== 
==3208872== 576 bytes in 1 blocks are still reachable in loss record 28 of 86
==3208872==    at 0x4848899: malloc (in /usr/libexec/valgrind/vgpreload_memcheck-amd64-linux.so)
==3208872==    by 0x256F62: PyObject_Malloc (in /usr/bin/python3.10)
==3208872==    by 0x25B4E5: ??? (in /usr/bin/python3.10)
==3208872==    by 0x263623: ??? (in /usr/bin/python3.10)
==3208872==    by 0x25D2A8: PyType_Ready (in /usr/bin/python3.10)
==3208872==    by 0x35EC74: ??? (in /usr/bin/python3.10)
==3208872==    by 0x255566: ??? (in /usr/bin/python3.10)
==3208872==    by 0x3581A7: ??? (in /usr/bin/python3.10)
==3208872==    by 0x357EE6: Py_InitializeFromConfig (in /usr/bin/python3.10)
==3208872==    by 0x355D2F: ??? (in /usr/bin/python3.10)
==3208872==    by 0x355C74: ??? (in /usr/bin/python3.10)
==3208872==    by 0x355C4C: Py_BytesMain (in /usr/bin/python3.10)
==3208872== 
==3208872== 576 bytes in 1 blocks are still reachable in loss record 29 of 86
==3208872==    at 0x4848899: malloc (in /usr/libexec/valgrind/vgpreload_memcheck-amd64-linux.so)
==3208872==    by 0x256F62: PyObject_Malloc (in /usr/bin/python3.10)
==3208872==    by 0x25B4E5: ??? (in /usr/bin/python3.10)
==3208872==    by 0x263623: ??? (in /usr/bin/python3.10)
==3208872==    by 0x25D2A8: PyType_Ready (in /usr/bin/python3.10)
==3208872==    by 0x35EEFC: ??? (in /usr/bin/python3.10)
==3208872==    by 0x255566: ??? (in /usr/bin/python3.10)
==3208872==    by 0x3581A7: ??? (in /usr/bin/python3.10)
==3208872==    by 0x357EE6: Py_InitializeFromConfig (in /usr/bin/python3.10)
==3208872==    by 0x355D2F: ??? (in /usr/bin/python3.10)
==3208872==    by 0x355C74: ??? (in /usr/bin/python3.10)
==3208872==    by 0x355C4C: Py_BytesMain (in /usr/bin/python3.10)
==3208872== 
==3208872== 576 bytes in 1 blocks are still reachable in loss record 30 of 86
==3208872==    at 0x4848899: malloc (in /usr/libexec/valgrind/vgpreload_memcheck-amd64-linux.so)
==3208872==    by 0x256F62: PyObject_Malloc (in /usr/bin/python3.10)
==3208872==    by 0x25B4E5: ??? (in /usr/bin/python3.10)
==3208872==    by 0x263623: ??? (in /usr/bin/python3.10)
==3208872==    by 0x267422: PyDict_SetItemString (in /usr/bin/python3.10)
==3208872==    by 0x35E29D: ??? (in /usr/bin/python3.10)
==3208872==    by 0x35E184: _PyStructSequence_InitType (in /usr/bin/python3.10)
==3208872==    by 0x25559C: ??? (in /usr/bin/python3.10)
==3208872==    by 0x3581A7: ??? (in /usr/bin/python3.10)
==3208872==    by 0x357EE6: Py_InitializeFromConfig (in /usr/bin/python3.10)
==3208872==    by 0x355D2F: ??? (in /usr/bin/python3.10)
==3208872==    by 0x355C74: ??? (in /usr/bin/python3.10)
==3208872== 
==3208872== 576 bytes in 1 blocks are still reachable in loss record 31 of 86
==3208872==    at 0x4848899: malloc (in /usr/libexec/valgrind/vgpreload_memcheck-amd64-linux.so)
==3208872==    by 0x256F62: PyObject_Malloc (in /usr/bin/python3.10)
==3208872==    by 0x25B4E5: ??? (in /usr/bin/python3.10)
==3208872==    by 0x263623: ??? (in /usr/bin/python3.10)
==3208872==    by 0x25C626: PyType_Ready (in /usr/bin/python3.10)
==3208872==    by 0x2555BB: ??? (in /usr/bin/python3.10)
==3208872==    by 0x3581A7: ??? (in /usr/bin/python3.10)
==3208872==    by 0x357EE6: Py_InitializeFromConfig (in /usr/bin/python3.10)
==3208872==    by 0x355D2F: ??? (in /usr/bin/python3.10)
==3208872==    by 0x355C74: ??? (in /usr/bin/python3.10)
==3208872==    by 0x355C4C: Py_BytesMain (in /usr/bin/python3.10)
==3208872==    by 0x49D2D8F: (below main) (libc_start_call_main.h:58)
==3208872== 
==3208872== 576 bytes in 1 blocks are still reachable in loss record 32 of 86
==3208872==    at 0x4848899: malloc (in /usr/libexec/valgrind/vgpreload_memcheck-amd64-linux.so)
==3208872==    by 0x256F62: PyObject_Malloc (in /usr/bin/python3.10)
==3208872==    by 0x25B4E5: ??? (in /usr/bin/python3.10)
==3208872==    by 0x263623: ??? (in /usr/bin/python3.10)
==3208872==    by 0x25C626: PyType_Ready (in /usr/bin/python3.10)
==3208872==    by 0x255647: ??? (in /usr/bin/python3.10)
==3208872==    by 0x3581A7: ??? (in /usr/bin/python3.10)
==3208872==    by 0x357EE6: Py_InitializeFromConfig (in /usr/bin/python3.10)
==3208872==    by 0x355D2F: ??? (in /usr/bin/python3.10)
==3208872==    by 0x355C74: ??? (in /usr/bin/python3.10)
==3208872==    by 0x355C4C: Py_BytesMain (in /usr/bin/python3.10)
==3208872==    by 0x49D2D8F: (below main) (libc_start_call_main.h:58)
==3208872== 
==3208872== 576 bytes in 1 blocks are still reachable in loss record 33 of 86
==3208872==    at 0x4848899: malloc (in /usr/libexec/valgrind/vgpreload_memcheck-amd64-linux.so)
==3208872==    by 0x256F62: PyObject_Malloc (in /usr/bin/python3.10)
==3208872==    by 0x25B4E5: ??? (in /usr/bin/python3.10)
==3208872==    by 0x259E1C: PyDict_SetDefault (in /usr/bin/python3.10)
==3208872==    by 0x25D387: PyType_Ready (in /usr/bin/python3.10)
==3208872==    by 0x35E162: _PyStructSequence_InitType (in /usr/bin/python3.10)
==3208872==    by 0x255CB0: ??? (in /usr/bin/python3.10)
==3208872==    by 0x3581A7: ??? (in /usr/bin/python3.10)
==3208872==    by 0x357EE6: Py_InitializeFromConfig (in /usr/bin/python3.10)
==3208872==    by 0x355D2F: ??? (in /usr/bin/python3.10)
==3208872==    by 0x355C74: ??? (in /usr/bin/python3.10)
==3208872==    by 0x355C4C: Py_BytesMain (in /usr/bin/python3.10)
==3208872== 
==3208872== 576 bytes in 1 blocks are still reachable in loss record 34 of 86
==3208872==    at 0x4848899: malloc (in /usr/libexec/valgrind/vgpreload_memcheck-amd64-linux.so)
==3208872==    by 0x256F62: PyObject_Malloc (in /usr/bin/python3.10)
==3208872==    by 0x25B4E5: ??? (in /usr/bin/python3.10)
==3208872==    by 0x263623: ??? (in /usr/bin/python3.10)
==3208872==    by 0x267422: PyDict_SetItemString (in /usr/bin/python3.10)
==3208872==    by 0x35E2D5: ??? (in /usr/bin/python3.10)
==3208872==    by 0x35E184: _PyStructSequence_InitType (in /usr/bin/python3.10)
==3208872==    by 0x256116: ??? (in /usr/bin/python3.10)
==3208872==    by 0x3581A7: ??? (in /usr/bin/python3.10)
==3208872==    by 0x357EE6: Py_InitializeFromConfig (in /usr/bin/python3.10)
==3208872==    by 0x355D2F: ??? (in /usr/bin/python3.10)
==3208872==    by 0x355C74: ??? (in /usr/bin/python3.10)
==3208872== 
==3208872== 576 bytes in 1 blocks are still reachable in loss record 35 of 86
==3208872==    at 0x4848899: malloc (in /usr/libexec/valgrind/vgpreload_memcheck-amd64-linux.so)
==3208872==    by 0x256F62: PyObject_Malloc (in /usr/bin/python3.10)
==3208872==    by 0x25B4E5: ??? (in /usr/bin/python3.10)
==3208872==    by 0x263623: ??? (in /usr/bin/python3.10)
==3208872==    by 0x267422: PyDict_SetItemString (in /usr/bin/python3.10)
==3208872==    by 0x35E377: ??? (in /usr/bin/python3.10)
==3208872==    by 0x35E184: _PyStructSequence_InitType (in /usr/bin/python3.10)
==3208872==    by 0x36025D: PyThread_GetInfo (in /usr/bin/python3.10)
==3208872==    by 0x2563E5: ??? (in /usr/bin/python3.10)
==3208872==    by 0x3581A7: ??? (in /usr/bin/python3.10)
==3208872==    by 0x357EE6: Py_InitializeFromConfig (in /usr/bin/python3.10)
==3208872==    by 0x355D2F: ??? (in /usr/bin/python3.10)
==3208872== 
==3208872== 576 bytes in 1 blocks are still reachable in loss record 36 of 86
==3208872==    at 0x4848899: malloc (in /usr/libexec/valgrind/vgpreload_memcheck-amd64-linux.so)
==3208872==    by 0x256F62: PyObject_Malloc (in /usr/bin/python3.10)
==3208872==    by 0x25B4E5: ??? (in /usr/bin/python3.10)
==3208872==    by 0x263623: ??? (in /usr/bin/python3.10)
==3208872==    by 0x267422: PyDict_SetItemString (in /usr/bin/python3.10)
==3208872==    by 0x35E2D5: ??? (in /usr/bin/python3.10)
==3208872==    by 0x35E184: _PyStructSequence_InitType (in /usr/bin/python3.10)
==3208872==    by 0x363A60: ??? (in /usr/bin/python3.10)
==3208872==    by 0x363032: PyModule_ExecDef (in /usr/bin/python3.10)
==3208872==    by 0x36393F: ??? (in /usr/bin/python3.10)
==3208872==    by 0x292833: ??? (in /usr/bin/python3.10)
==3208872==    by 0x283CBD: _PyEval_EvalFrameDefault (in /usr/bin/python3.10)
==3208872== 
==3208872== 576 bytes in 1 blocks are still reachable in loss record 37 of 86
==3208872==    at 0x4848899: malloc (in /usr/libexec/valgrind/vgpreload_memcheck-amd64-linux.so)
==3208872==    by 0x256F62: PyObject_Malloc (in /usr/bin/python3.10)
==3208872==    by 0x25B4E5: ??? (in /usr/bin/python3.10)
==3208872==    by 0x259E1C: PyDict_SetDefault (in /usr/bin/python3.10)
==3208872==    by 0x25E1B3: PyType_Ready (in /usr/bin/python3.10)
==3208872==    by 0x363B56: PyModule_AddType (in /usr/bin/python3.10)
==3208872==    by 0x3676DB: PyInit__io (in /usr/bin/python3.10)
==3208872==    by 0x2963F8: ??? (in /usr/bin/python3.10)
==3208872==    by 0x363906: ??? (in /usr/bin/python3.10)
==3208872==    by 0x292833: ??? (in /usr/bin/python3.10)
==3208872==    by 0x283CBD: _PyEval_EvalFrameDefault (in /usr/bin/python3.10)
==3208872==    by 0x29368B: _PyFunction_Vectorcall (in /usr/bin/python3.10)
==3208872== 
==3208872== 576 bytes in 1 blocks are still reachable in loss record 38 of 86
==3208872==    at 0x4848899: malloc (in /usr/libexec/valgrind/vgpreload_memcheck-amd64-linux.so)
==3208872==    by 0x256F62: PyObject_Malloc (in /usr/bin/python3.10)
==3208872==    by 0x25B4E5: ??? (in /usr/bin/python3.10)
==3208872==    by 0x259E1C: PyDict_SetDefault (in /usr/bin/python3.10)
==3208872==    by 0x25E1B3: PyType_Ready (in /usr/bin/python3.10)
==3208872==    by 0x363B56: PyModule_AddType (in /usr/bin/python3.10)
==3208872==    by 0x367735: PyInit__io (in /usr/bin/python3.10)
==3208872==    by 0x2963F8: ??? (in /usr/bin/python3.10)
==3208872==    by 0x363906: ??? (in /usr/bin/python3.10)
==3208872==    by 0x292833: ??? (in /usr/bin/python3.10)
==3208872==    by 0x283CBD: _PyEval_EvalFrameDefault (in /usr/bin/python3.10)
==3208872==    by 0x29368B: _PyFunction_Vectorcall (in /usr/bin/python3.10)
==3208872== 
==3208872== 576 bytes in 1 blocks are still reachable in loss record 39 of 86
==3208872==    at 0x4848899: malloc (in /usr/libexec/valgrind/vgpreload_memcheck-amd64-linux.so)
==3208872==    by 0x256F62: PyObject_Malloc (in /usr/bin/python3.10)
==3208872==    by 0x25B4E5: ??? (in /usr/bin/python3.10)
==3208872==    by 0x263623: ??? (in /usr/bin/python3.10)
==3208872==    by 0x25D2A8: PyType_Ready (in /usr/bin/python3.10)
==3208872==    by 0x2A190B: PyType_FromModuleAndSpec (in /usr/bin/python3.10)
==3208872==    by 0x3693D9: PyStructSequence_NewType (in /usr/bin/python3.10)
==3208872==    by 0x368F12: ??? (in /usr/bin/python3.10)
==3208872==    by 0x363032: PyModule_ExecDef (in /usr/bin/python3.10)
==3208872==    by 0x36393F: ??? (in /usr/bin/python3.10)
==3208872==    by 0x292833: ??? (in /usr/bin/python3.10)
==3208872==    by 0x283CBD: _PyEval_EvalFrameDefault (in /usr/bin/python3.10)
==3208872== 
==3208872== 576 bytes in 1 blocks are still reachable in loss record 40 of 86
==3208872==    at 0x4848899: malloc (in /usr/libexec/valgrind/vgpreload_memcheck-amd64-linux.so)
==3208872==    by 0x256F62: PyObject_Malloc (in /usr/bin/python3.10)
==3208872==    by 0x25B4E5: ??? (in /usr/bin/python3.10)
==3208872==    by 0x259E1C: PyDict_SetDefault (in /usr/bin/python3.10)
==3208872==    by 0x25D387: PyType_Ready (in /usr/bin/python3.10)
==3208872==    by 0x35E162: _PyStructSequence_InitType (in /usr/bin/python3.10)
==3208872==    by 0x369D64: ??? (in /usr/bin/python3.10)
==3208872==    by 0x363032: PyModule_ExecDef (in /usr/bin/python3.10)
==3208872==    by 0x36393F: ??? (in /usr/bin/python3.10)
==3208872==    by 0x292833: ??? (in /usr/bin/python3.10)
==3208872==    by 0x283CBD: _PyEval_EvalFrameDefault (in /usr/bin/python3.10)
==3208872==    by 0x29368B: _PyFunction_Vectorcall (in /usr/bin/python3.10)
==3208872== 
==3208872== 576 bytes in 1 blocks are still reachable in loss record 41 of 86
==3208872==    at 0x4848899: malloc (in /usr/libexec/valgrind/vgpreload_memcheck-amd64-linux.so)
==3208872==    by 0x256F62: PyObject_Malloc (in /usr/bin/python3.10)
==3208872==    by 0x25B4E5: ??? (in /usr/bin/python3.10)
==3208872==    by 0x263623: ??? (in /usr/bin/python3.10)
==3208872==    by 0x25E041: PyType_Ready (in /usr/bin/python3.10)
==3208872==    by 0x35E162: _PyStructSequence_InitType (in /usr/bin/python3.10)
==3208872==    by 0x364357: ??? (in /usr/bin/python3.10)
==3208872==    by 0x363F33: ??? (in /usr/bin/python3.10)
==3208872==    by 0x357F0B: Py_InitializeFromConfig (in /usr/bin/python3.10)
==3208872==    by 0x355D2F: ??? (in /usr/bin/python3.10)
==3208872==    by 0x355C74: ??? (in /usr/bin/python3.10)
==3208872==    by 0x355C4C: Py_BytesMain (in /usr/bin/python3.10)
==3208872== 
==3208872== 576 bytes in 1 blocks are still reachable in loss record 42 of 86
==3208872==    at 0x4848899: malloc (in /usr/libexec/valgrind/vgpreload_memcheck-amd64-linux.so)
==3208872==    by 0x256F62: PyObject_Malloc (in /usr/bin/python3.10)
==3208872==    by 0x25B4E5: ??? (in /usr/bin/python3.10)
==3208872==    by 0x259E1C: PyDict_SetDefault (in /usr/bin/python3.10)
==3208872==    by 0x25D387: PyType_Ready (in /usr/bin/python3.10)
==3208872==    by 0x363B56: PyModule_AddType (in /usr/bin/python3.10)
==3208872==    by 0x38283B: ??? (in /usr/bin/python3.10)
==3208872==    by 0x363032: PyModule_ExecDef (in /usr/bin/python3.10)
==3208872==    by 0x36393F: ??? (in /usr/bin/python3.10)
==3208872==    by 0x292833: ??? (in /usr/bin/python3.10)
==3208872==    by 0x283CBD: _PyEval_EvalFrameDefault (in /usr/bin/python3.10)
==3208872==    by 0x29368B: _PyFunction_Vectorcall (in /usr/bin/python3.10)
==3208872== 
==3208872== 645 bytes in 1 blocks are still reachable in loss record 43 of 86
==3208872==    at 0x4848899: malloc (in /usr/libexec/valgrind/vgpreload_memcheck-amd64-linux.so)
==3208872==    by 0x258828: ??? (in /usr/bin/python3.10)
==3208872==    by 0x25E01F: PyType_Ready (in /usr/bin/python3.10)
==3208872==    by 0x35DABC: ??? (in /usr/bin/python3.10)
==3208872==    by 0x2554A4: ??? (in /usr/bin/python3.10)
==3208872==    by 0x3581A7: ??? (in /usr/bin/python3.10)
==3208872==    by 0x357EE6: Py_InitializeFromConfig (in /usr/bin/python3.10)
==3208872==    by 0x355D2F: ??? (in /usr/bin/python3.10)
==3208872==    by 0x355C74: ??? (in /usr/bin/python3.10)
==3208872==    by 0x355C4C: Py_BytesMain (in /usr/bin/python3.10)
==3208872==    by 0x49D2D8F: (below main) (libc_start_call_main.h:58)
==3208872== 
==3208872== 654 bytes in 1 blocks are still reachable in loss record 44 of 86
==3208872==    at 0x4848899: malloc (in /usr/libexec/valgrind/vgpreload_memcheck-amd64-linux.so)
==3208872==    by 0x258828: ??? (in /usr/bin/python3.10)
==3208872==    by 0x25E01F: PyType_Ready (in /usr/bin/python3.10)
==3208872==    by 0x25F10D: PyType_Ready (in /usr/bin/python3.10)
==3208872==    by 0x35D5F8: ??? (in /usr/bin/python3.10)
==3208872==    by 0x2554A4: ??? (in /usr/bin/python3.10)
==3208872==    by 0x3581A7: ??? (in /usr/bin/python3.10)
==3208872==    by 0x357EE6: Py_InitializeFromConfig (in /usr/bin/python3.10)
==3208872==    by 0x355D2F: ??? (in /usr/bin/python3.10)
==3208872==    by 0x355C74: ??? (in /usr/bin/python3.10)
==3208872==    by 0x355C4C: Py_BytesMain (in /usr/bin/python3.10)
==3208872==    by 0x49D2D8F: (below main) (libc_start_call_main.h:58)
==3208872== 
==3208872== 718 bytes in 1 blocks are still reachable in loss record 45 of 86
==3208872==    at 0x4848899: malloc (in /usr/libexec/valgrind/vgpreload_memcheck-amd64-linux.so)
==3208872==    by 0x258828: ??? (in /usr/bin/python3.10)
==3208872==    by 0x25E01F: PyType_Ready (in /usr/bin/python3.10)
==3208872==    by 0x35D6D4: ??? (in /usr/bin/python3.10)
==3208872==    by 0x2554A4: ??? (in /usr/bin/python3.10)
==3208872==    by 0x3581A7: ??? (in /usr/bin/python3.10)
==3208872==    by 0x357EE6: Py_InitializeFromConfig (in /usr/bin/python3.10)
==3208872==    by 0x355D2F: ??? (in /usr/bin/python3.10)
==3208872==    by 0x355C74: ??? (in /usr/bin/python3.10)
==3208872==    by 0x355C4C: Py_BytesMain (in /usr/bin/python3.10)
==3208872==    by 0x49D2D8F: (below main) (libc_start_call_main.h:58)
==3208872== 
==3208872== 720 bytes in 1 blocks are still reachable in loss record 46 of 86
==3208872==    at 0x4848899: malloc (in /usr/libexec/valgrind/vgpreload_memcheck-amd64-linux.so)
==3208872==    by 0x2606BA: PyMem_Malloc (in /usr/bin/python3.10)
==3208872==    by 0x35E139: _PyStructSequence_InitType (in /usr/bin/python3.10)
==3208872==    by 0x256340: ??? (in /usr/bin/python3.10)
==3208872==    by 0x3581A7: ??? (in /usr/bin/python3.10)
==3208872==    by 0x357EE6: Py_InitializeFromConfig (in /usr/bin/python3.10)
==3208872==    by 0x355D2F: ??? (in /usr/bin/python3.10)
==3208872==    by 0x355C74: ??? (in /usr/bin/python3.10)
==3208872==    by 0x355C4C: Py_BytesMain (in /usr/bin/python3.10)
==3208872==    by 0x49D2D8F: (below main) (libc_start_call_main.h:58)
==3208872== 
==3208872== 768 bytes in 1 blocks are still reachable in loss record 47 of 86
==3208872==    at 0x48487A9: malloc (in /usr/libexec/valgrind/vgpreload_memcheck-amd64-linux.so)
==3208872==    by 0x2573ED: ??? (in /usr/bin/python3.10)
==3208872==    by 0x255257: ??? (in /usr/bin/python3.10)
==3208872==    by 0x3581A7: ??? (in /usr/bin/python3.10)
==3208872==    by 0x357EE6: Py_InitializeFromConfig (in /usr/bin/python3.10)
==3208872==    by 0x355D2F: ??? (in /usr/bin/python3.10)
==3208872==    by 0x355C74: ??? (in /usr/bin/python3.10)
==3208872==    by 0x355C4C: Py_BytesMain (in /usr/bin/python3.10)
==3208872==    by 0x49D2D8F: (below main) (libc_start_call_main.h:58)
==3208872== 
==3208872== 827 bytes in 1 blocks are still reachable in loss record 48 of 86
==3208872==    at 0x4848899: malloc (in /usr/libexec/valgrind/vgpreload_memcheck-amd64-linux.so)
==3208872==    by 0x258828: ??? (in /usr/bin/python3.10)
==3208872==    by 0x25E01F: PyType_Ready (in /usr/bin/python3.10)
==3208872==    by 0x363B56: PyModule_AddType (in /usr/bin/python3.10)
==3208872==    by 0x36768B: PyInit__io (in /usr/bin/python3.10)
==3208872==    by 0x2963F8: ??? (in /usr/bin/python3.10)
==3208872==    by 0x363906: ??? (in /usr/bin/python3.10)
==3208872==    by 0x292833: ??? (in /usr/bin/python3.10)
==3208872==    by 0x283CBD: _PyEval_EvalFrameDefault (in /usr/bin/python3.10)
==3208872==    by 0x29368B: _PyFunction_Vectorcall (in /usr/bin/python3.10)
==3208872==    by 0x27DBCF: _PyEval_EvalFrameDefault (in /usr/bin/python3.10)
==3208872==    by 0x29368B: _PyFunction_Vectorcall (in /usr/bin/python3.10)
==3208872== 
==3208872== 1,112 bytes in 1 blocks are still reachable in loss record 49 of 86
==3208872==    at 0x4848899: malloc (in /usr/libexec/valgrind/vgpreload_memcheck-amd64-linux.so)
==3208872==    by 0x256F62: PyObject_Malloc (in /usr/bin/python3.10)
==3208872==    by 0x25B4E5: ??? (in /usr/bin/python3.10)
==3208872==    by 0x259E1C: PyDict_SetDefault (in /usr/bin/python3.10)
==3208872==    by 0x25DD87: PyType_Ready (in /usr/bin/python3.10)
==3208872==    by 0x35D5BC: ??? (in /usr/bin/python3.10)
==3208872==    by 0x2554A4: ??? (in /usr/bin/python3.10)
==3208872==    by 0x3581A7: ??? (in /usr/bin/python3.10)
==3208872==    by 0x357EE6: Py_InitializeFromConfig (in /usr/bin/python3.10)
==3208872==    by 0x355D2F: ??? (in /usr/bin/python3.10)
==3208872==    by 0x355C74: ??? (in /usr/bin/python3.10)
==3208872==    by 0x355C4C: Py_BytesMain (in /usr/bin/python3.10)
==3208872== 
==3208872== 1,112 bytes in 1 blocks are still reachable in loss record 50 of 86
==3208872==    at 0x4848899: malloc (in /usr/libexec/valgrind/vgpreload_memcheck-amd64-linux.so)
==3208872==    by 0x256F62: PyObject_Malloc (in /usr/bin/python3.10)
==3208872==    by 0x25B4E5: ??? (in /usr/bin/python3.10)
==3208872==    by 0x259E1C: PyDict_SetDefault (in /usr/bin/python3.10)
==3208872==    by 0x25D387: PyType_Ready (in /usr/bin/python3.10)
==3208872==    by 0x35D5D0: ??? (in /usr/bin/python3.10)
==3208872==    by 0x2554A4: ??? (in /usr/bin/python3.10)
==3208872==    by 0x3581A7: ??? (in /usr/bin/python3.10)
==3208872==    by 0x357EE6: Py_InitializeFromConfig (in /usr/bin/python3.10)
==3208872==    by 0x355D2F: ??? (in /usr/bin/python3.10)
==3208872==    by 0x355C74: ??? (in /usr/bin/python3.10)
==3208872==    by 0x355C4C: Py_BytesMain (in /usr/bin/python3.10)
==3208872== 
==3208872== 1,112 bytes in 1 blocks are still reachable in loss record 51 of 86
==3208872==    at 0x4848899: malloc (in /usr/libexec/valgrind/vgpreload_memcheck-amd64-linux.so)
==3208872==    by 0x256F62: PyObject_Malloc (in /usr/bin/python3.10)
==3208872==    by 0x25B4E5: ??? (in /usr/bin/python3.10)
==3208872==    by 0x259E1C: PyDict_SetDefault (in /usr/bin/python3.10)
==3208872==    by 0x25D387: PyType_Ready (in /usr/bin/python3.10)
==3208872==    by 0x35D6E8: ??? (in /usr/bin/python3.10)
==3208872==    by 0x2554A4: ??? (in /usr/bin/python3.10)
==3208872==    by 0x3581A7: ??? (in /usr/bin/python3.10)
==3208872==    by 0x357EE6: Py_InitializeFromConfig (in /usr/bin/python3.10)
==3208872==    by 0x355D2F: ??? (in /usr/bin/python3.10)
==3208872==    by 0x355C74: ??? (in /usr/bin/python3.10)
==3208872==    by 0x355C4C: Py_BytesMain (in /usr/bin/python3.10)
==3208872== 
==3208872== 1,112 bytes in 1 blocks are still reachable in loss record 52 of 86
==3208872==    at 0x4848899: malloc (in /usr/libexec/valgrind/vgpreload_memcheck-amd64-linux.so)
==3208872==    by 0x256F62: PyObject_Malloc (in /usr/bin/python3.10)
==3208872==    by 0x25B4E5: ??? (in /usr/bin/python3.10)
==3208872==    by 0x263623: ??? (in /usr/bin/python3.10)
==3208872==    by 0x25C626: PyType_Ready (in /usr/bin/python3.10)
==3208872==    by 0x35D6FC: ??? (in /usr/bin/python3.10)
==3208872==    by 0x2554A4: ??? (in /usr/bin/python3.10)
==3208872==    by 0x3581A7: ??? (in /usr/bin/python3.10)
==3208872==    by 0x357EE6: Py_InitializeFromConfig (in /usr/bin/python3.10)
==3208872==    by 0x355D2F: ??? (in /usr/bin/python3.10)
==3208872==    by 0x355C74: ??? (in /usr/bin/python3.10)
==3208872==    by 0x355C4C: Py_BytesMain (in /usr/bin/python3.10)
==3208872== 
==3208872== 1,112 bytes in 1 blocks are still reachable in loss record 53 of 86
==3208872==    at 0x4848899: malloc (in /usr/libexec/valgrind/vgpreload_memcheck-amd64-linux.so)
==3208872==    by 0x256F62: PyObject_Malloc (in /usr/bin/python3.10)
==3208872==    by 0x25B4E5: ??? (in /usr/bin/python3.10)
==3208872==    by 0x259E1C: PyDict_SetDefault (in /usr/bin/python3.10)
==3208872==    by 0x25DD87: PyType_Ready (in /usr/bin/python3.10)
==3208872==    by 0x35D724: ??? (in /usr/bin/python3.10)
==3208872==    by 0x2554A4: ??? (in /usr/bin/python3.10)
==3208872==    by 0x3581A7: ??? (in /usr/bin/python3.10)
==3208872==    by 0x357EE6: Py_InitializeFromConfig (in /usr/bin/python3.10)
==3208872==    by 0x355D2F: ??? (in /usr/bin/python3.10)
==3208872==    by 0x355C74: ??? (in /usr/bin/python3.10)
==3208872==    by 0x355C4C: Py_BytesMain (in /usr/bin/python3.10)
==3208872== 
==3208872== 1,112 bytes in 1 blocks are still reachable in loss record 54 of 86
==3208872==    at 0x4848899: malloc (in /usr/libexec/valgrind/vgpreload_memcheck-amd64-linux.so)
==3208872==    by 0x256F62: PyObject_Malloc (in /usr/bin/python3.10)
==3208872==    by 0x25B4E5: ??? (in /usr/bin/python3.10)
==3208872==    by 0x259E1C: PyDict_SetDefault (in /usr/bin/python3.10)
==3208872==    by 0x25DD87: PyType_Ready (in /usr/bin/python3.10)
==3208872==    by 0x35D774: ??? (in /usr/bin/python3.10)
==3208872==    by 0x2554A4: ??? (in /usr/bin/python3.10)
==3208872==    by 0x3581A7: ??? (in /usr/bin/python3.10)
==3208872==    by 0x357EE6: Py_InitializeFromConfig (in /usr/bin/python3.10)
==3208872==    by 0x355D2F: ??? (in /usr/bin/python3.10)
==3208872==    by 0x355C74: ??? (in /usr/bin/python3.10)
==3208872==    by 0x355C4C: Py_BytesMain (in /usr/bin/python3.10)
==3208872== 
==3208872== 1,112 bytes in 1 blocks are still reachable in loss record 55 of 86
==3208872==    at 0x4848899: malloc (in /usr/libexec/valgrind/vgpreload_memcheck-amd64-linux.so)
==3208872==    by 0x256F62: PyObject_Malloc (in /usr/bin/python3.10)
==3208872==    by 0x25B4E5: ??? (in /usr/bin/python3.10)
==3208872==    by 0x259E1C: PyDict_SetDefault (in /usr/bin/python3.10)
==3208872==    by 0x25E1B3: PyType_Ready (in /usr/bin/python3.10)
==3208872==    by 0x35D788: ??? (in /usr/bin/python3.10)
==3208872==    by 0x2554A4: ??? (in /usr/bin/python3.10)
==3208872==    by 0x3581A7: ??? (in /usr/bin/python3.10)
==3208872==    by 0x357EE6: Py_InitializeFromConfig (in /usr/bin/python3.10)
==3208872==    by 0x355D2F: ??? (in /usr/bin/python3.10)
==3208872==    by 0x355C74: ??? (in /usr/bin/python3.10)
==3208872==    by 0x355C4C: Py_BytesMain (in /usr/bin/python3.10)
==3208872== 
==3208872== 1,112 bytes in 1 blocks are still reachable in loss record 56 of 86
==3208872==    at 0x4848899: malloc (in /usr/libexec/valgrind/vgpreload_memcheck-amd64-linux.so)
==3208872==    by 0x256F62: PyObject_Malloc (in /usr/bin/python3.10)
==3208872==    by 0x25B4E5: ??? (in /usr/bin/python3.10)
==3208872==    by 0x259E1C: PyDict_SetDefault (in /usr/bin/python3.10)
==3208872==    by 0x25E1B3: PyType_Ready (in /usr/bin/python3.10)
==3208872==    by 0x35D7EC: ??? (in /usr/bin/python3.10)
==3208872==    by 0x2554A4: ??? (in /usr/bin/python3.10)
==3208872==    by 0x3581A7: ??? (in /usr/bin/python3.10)
==3208872==    by 0x357EE6: Py_InitializeFromConfig (in /usr/bin/python3.10)
==3208872==    by 0x355D2F: ??? (in /usr/bin/python3.10)
==3208872==    by 0x355C74: ??? (in /usr/bin/python3.10)
==3208872==    by 0x355C4C: Py_BytesMain (in /usr/bin/python3.10)
==3208872== 
==3208872== 1,112 bytes in 1 blocks are still reachable in loss record 57 of 86
==3208872==    at 0x4848899: malloc (in /usr/libexec/valgrind/vgpreload_memcheck-amd64-linux.so)
==3208872==    by 0x256F62: PyObject_Malloc (in /usr/bin/python3.10)
==3208872==    by 0x25B4E5: ??? (in /usr/bin/python3.10)
==3208872==    by 0x259E1C: PyDict_SetDefault (in /usr/bin/python3.10)
==3208872==    by 0x25E1B3: PyType_Ready (in /usr/bin/python3.10)
==3208872==    by 0x35D850: ??? (in /usr/bin/python3.10)
==3208872==    by 0x2554A4: ??? (in /usr/bin/python3.10)
==3208872==    by 0x3581A7: ??? (in /usr/bin/python3.10)
==3208872==    by 0x357EE6: Py_InitializeFromConfig (in /usr/bin/python3.10)
==3208872==    by 0x355D2F: ??? (in /usr/bin/python3.10)
==3208872==    by 0x355C74: ??? (in /usr/bin/python3.10)
==3208872==    by 0x355C4C: Py_BytesMain (in /usr/bin/python3.10)
==3208872== 
==3208872== 1,112 bytes in 1 blocks are still reachable in loss record 58 of 86
==3208872==    at 0x4848899: malloc (in /usr/libexec/valgrind/vgpreload_memcheck-amd64-linux.so)
==3208872==    by 0x256F62: PyObject_Malloc (in /usr/bin/python3.10)
==3208872==    by 0x25B4E5: ??? (in /usr/bin/python3.10)
==3208872==    by 0x263623: ??? (in /usr/bin/python3.10)
==3208872==    by 0x25C626: PyType_Ready (in /usr/bin/python3.10)
==3208872==    by 0x35D8DC: ??? (in /usr/bin/python3.10)
==3208872==    by 0x2554A4: ??? (in /usr/bin/python3.10)
==3208872==    by 0x3581A7: ??? (in /usr/bin/python3.10)
==3208872==    by 0x357EE6: Py_InitializeFromConfig (in /usr/bin/python3.10)
==3208872==    by 0x355D2F: ??? (in /usr/bin/python3.10)
==3208872==    by 0x355C74: ??? (in /usr/bin/python3.10)
==3208872==    by 0x355C4C: Py_BytesMain (in /usr/bin/python3.10)
==3208872== 
==3208872== 1,112 bytes in 1 blocks are still reachable in loss record 59 of 86
==3208872==    at 0x4848899: malloc (in /usr/libexec/valgrind/vgpreload_memcheck-amd64-linux.so)
==3208872==    by 0x256F62: PyObject_Malloc (in /usr/bin/python3.10)
==3208872==    by 0x25B4E5: ??? (in /usr/bin/python3.10)
==3208872==    by 0x259E1C: PyDict_SetDefault (in /usr/bin/python3.10)
==3208872==    by 0x25E1B3: PyType_Ready (in /usr/bin/python3.10)
==3208872==    by 0x35D92C: ??? (in /usr/bin/python3.10)
==3208872==    by 0x2554A4: ??? (in /usr/bin/python3.10)
==3208872==    by 0x3581A7: ??? (in /usr/bin/python3.10)
==3208872==    by 0x357EE6: Py_InitializeFromConfig (in /usr/bin/python3.10)
==3208872==    by 0x355D2F: ??? (in /usr/bin/python3.10)
==3208872==    by 0x355C74: ??? (in /usr/bin/python3.10)
==3208872==    by 0x355C4C: Py_BytesMain (in /usr/bin/python3.10)
==3208872== 
==3208872== 1,112 bytes in 1 blocks are still reachable in loss record 60 of 86
==3208872==    at 0x4848899: malloc (in /usr/libexec/valgrind/vgpreload_memcheck-amd64-linux.so)
==3208872==    by 0x256F62: PyObject_Malloc (in /usr/bin/python3.10)
==3208872==    by 0x25B4E5: ??? (in /usr/bin/python3.10)
==3208872==    by 0x259E1C: PyDict_SetDefault (in /usr/bin/python3.10)
==3208872==    by 0x25E1B3: PyType_Ready (in /usr/bin/python3.10)
==3208872==    by 0x35D9E0: ??? (in /usr/bin/python3.10)
==3208872==    by 0x2554A4: ??? (in /usr/bin/python3.10)
==3208872==    by 0x3581A7: ??? (in /usr/bin/python3.10)
==3208872==    by 0x357EE6: Py_InitializeFromConfig (in /usr/bin/python3.10)
==3208872==    by 0x355D2F: ??? (in /usr/bin/python3.10)
==3208872==    by 0x355C74: ??? (in /usr/bin/python3.10)
==3208872==    by 0x355C4C: Py_BytesMain (in /usr/bin/python3.10)
==3208872== 
==3208872== 1,112 bytes in 1 blocks are still reachable in loss record 61 of 86
==3208872==    at 0x4848899: malloc (in /usr/libexec/valgrind/vgpreload_memcheck-amd64-linux.so)
==3208872==    by 0x256F62: PyObject_Malloc (in /usr/bin/python3.10)
==3208872==    by 0x25B4E5: ??? (in /usr/bin/python3.10)
==3208872==    by 0x259E1C: PyDict_SetDefault (in /usr/bin/python3.10)
==3208872==    by 0x25D387: PyType_Ready (in /usr/bin/python3.10)
==3208872==    by 0x35DA30: ??? (in /usr/bin/python3.10)
==3208872==    by 0x2554A4: ??? (in /usr/bin/python3.10)
==3208872==    by 0x3581A7: ??? (in /usr/bin/python3.10)
==3208872==    by 0x357EE6: Py_InitializeFromConfig (in /usr/bin/python3.10)
==3208872==    by 0x355D2F: ??? (in /usr/bin/python3.10)
==3208872==    by 0x355C74: ??? (in /usr/bin/python3.10)
==3208872==    by 0x355C4C: Py_BytesMain (in /usr/bin/python3.10)
==3208872== 
==3208872== 1,112 bytes in 1 blocks are still reachable in loss record 62 of 86
==3208872==    at 0x4848899: malloc (in /usr/libexec/valgrind/vgpreload_memcheck-amd64-linux.so)
==3208872==    by 0x256F62: PyObject_Malloc (in /usr/bin/python3.10)
==3208872==    by 0x25B4E5: ??? (in /usr/bin/python3.10)
==3208872==    by 0x263623: ??? (in /usr/bin/python3.10)
==3208872==    by 0x25E041: PyType_Ready (in /usr/bin/python3.10)
==3208872==    by 0x35DB20: ??? (in /usr/bin/python3.10)
==3208872==    by 0x2554A4: ??? (in /usr/bin/python3.10)
==3208872==    by 0x3581A7: ??? (in /usr/bin/python3.10)
==3208872==    by 0x357EE6: Py_InitializeFromConfig (in /usr/bin/python3.10)
==3208872==    by 0x355D2F: ??? (in /usr/bin/python3.10)
==3208872==    by 0x355C74: ??? (in /usr/bin/python3.10)
==3208872==    by 0x355C4C: Py_BytesMain (in /usr/bin/python3.10)
==3208872== 
==3208872== 1,112 bytes in 1 blocks are still reachable in loss record 63 of 86
==3208872==    at 0x4848899: malloc (in /usr/libexec/valgrind/vgpreload_memcheck-amd64-linux.so)
==3208872==    by 0x256F62: PyObject_Malloc (in /usr/bin/python3.10)
==3208872==    by 0x25B4E5: ??? (in /usr/bin/python3.10)
==3208872==    by 0x259E1C: PyDict_SetDefault (in /usr/bin/python3.10)
==3208872==    by 0x25DD87: PyType_Ready (in /usr/bin/python3.10)
==3208872==    by 0x35DB70: ??? (in /usr/bin/python3.10)
==3208872==    by 0x2554A4: ??? (in /usr/bin/python3.10)
==3208872==    by 0x3581A7: ??? (in /usr/bin/python3.10)
==3208872==    by 0x357EE6: Py_InitializeFromConfig (in /usr/bin/python3.10)
==3208872==    by 0x355D2F: ??? (in /usr/bin/python3.10)
==3208872==    by 0x355C74: ??? (in /usr/bin/python3.10)
==3208872==    by 0x355C4C: Py_BytesMain (in /usr/bin/python3.10)
==3208872== 
==3208872== 1,112 bytes in 1 blocks are still reachable in loss record 64 of 86
==3208872==    at 0x4848899: malloc (in /usr/libexec/valgrind/vgpreload_memcheck-amd64-linux.so)
==3208872==    by 0x256F62: PyObject_Malloc (in /usr/bin/python3.10)
==3208872==    by 0x25B4E5: ??? (in /usr/bin/python3.10)
==3208872==    by 0x263623: ??? (in /usr/bin/python3.10)
==3208872==    by 0x267422: PyDict_SetItemString (in /usr/bin/python3.10)
==3208872==    by 0x35E29D: ??? (in /usr/bin/python3.10)
==3208872==    by 0x35E184: _PyStructSequence_InitType (in /usr/bin/python3.10)
==3208872==    by 0x256340: ??? (in /usr/bin/python3.10)
==3208872==    by 0x3581A7: ??? (in /usr/bin/python3.10)
==3208872==    by 0x357EE6: Py_InitializeFromConfig (in /usr/bin/python3.10)
==3208872==    by 0x355D2F: ??? (in /usr/bin/python3.10)
==3208872==    by 0x355C74: ??? (in /usr/bin/python3.10)
==3208872== 
==3208872== 1,112 bytes in 1 blocks are still reachable in loss record 65 of 86
==3208872==    at 0x4848899: malloc (in /usr/libexec/valgrind/vgpreload_memcheck-amd64-linux.so)
==3208872==    by 0x256F62: PyObject_Malloc (in /usr/bin/python3.10)
==3208872==    by 0x25B4E5: ??? (in /usr/bin/python3.10)
==3208872==    by 0x259E1C: PyDict_SetDefault (in /usr/bin/python3.10)
==3208872==    by 0x25E1B3: PyType_Ready (in /usr/bin/python3.10)
==3208872==    by 0x363B56: PyModule_AddType (in /usr/bin/python3.10)
==3208872==    by 0x36761F: PyInit__io (in /usr/bin/python3.10)
==3208872==    by 0x2963F8: ??? (in /usr/bin/python3.10)
==3208872==    by 0x363906: ??? (in /usr/bin/python3.10)
==3208872==    by 0x292833: ??? (in /usr/bin/python3.10)
==3208872==    by 0x283CBD: _PyEval_EvalFrameDefault (in /usr/bin/python3.10)
==3208872==    by 0x29368B: _PyFunction_Vectorcall (in /usr/bin/python3.10)
==3208872== 
==3208872== 1,112 bytes in 1 blocks are still reachable in loss record 66 of 86
==3208872==    at 0x4848899: malloc (in /usr/libexec/valgrind/vgpreload_memcheck-amd64-linux.so)
==3208872==    by 0x256F62: PyObject_Malloc (in /usr/bin/python3.10)
==3208872==    by 0x25B4E5: ??? (in /usr/bin/python3.10)
==3208872==    by 0x259E1C: PyDict_SetDefault (in /usr/bin/python3.10)
==3208872==    by 0x25DD87: PyType_Ready (in /usr/bin/python3.10)
==3208872==    by 0x363B56: PyModule_AddType (in /usr/bin/python3.10)
==3208872==    by 0x36768B: PyInit__io (in /usr/bin/python3.10)
==3208872==    by 0x2963F8: ??? (in /usr/bin/python3.10)
==3208872==    by 0x363906: ??? (in /usr/bin/python3.10)
==3208872==    by 0x292833: ??? (in /usr/bin/python3.10)
==3208872==    by 0x283CBD: _PyEval_EvalFrameDefault (in /usr/bin/python3.10)
==3208872==    by 0x29368B: _PyFunction_Vectorcall (in /usr/bin/python3.10)
==3208872== 
==3208872== 1,112 bytes in 1 blocks are still reachable in loss record 67 of 86
==3208872==    at 0x4848899: malloc (in /usr/libexec/valgrind/vgpreload_memcheck-amd64-linux.so)
==3208872==    by 0x256F62: PyObject_Malloc (in /usr/bin/python3.10)
==3208872==    by 0x25B4E5: ??? (in /usr/bin/python3.10)
==3208872==    by 0x259E1C: PyDict_SetDefault (in /usr/bin/python3.10)
==3208872==    by 0x25E1B3: PyType_Ready (in /usr/bin/python3.10)
==3208872==    by 0x363B56: PyModule_AddType (in /usr/bin/python3.10)
==3208872==    by 0x3676A9: PyInit__io (in /usr/bin/python3.10)
==3208872==    by 0x2963F8: ??? (in /usr/bin/python3.10)
==3208872==    by 0x363906: ??? (in /usr/bin/python3.10)
==3208872==    by 0x292833: ??? (in /usr/bin/python3.10)
==3208872==    by 0x283CBD: _PyEval_EvalFrameDefault (in /usr/bin/python3.10)
==3208872==    by 0x29368B: _PyFunction_Vectorcall (in /usr/bin/python3.10)
==3208872== 
==3208872== 1,112 bytes in 1 blocks are still reachable in loss record 68 of 86
==3208872==    at 0x4848899: malloc (in /usr/libexec/valgrind/vgpreload_memcheck-amd64-linux.so)
==3208872==    by 0x256F62: PyObject_Malloc (in /usr/bin/python3.10)
==3208872==    by 0x25B4E5: ??? (in /usr/bin/python3.10)
==3208872==    by 0x259E1C: PyDict_SetDefault (in /usr/bin/python3.10)
==3208872==    by 0x25E1B3: PyType_Ready (in /usr/bin/python3.10)
==3208872==    by 0x363B56: PyModule_AddType (in /usr/bin/python3.10)
==3208872==    by 0x3676F9: PyInit__io (in /usr/bin/python3.10)
==3208872==    by 0x2963F8: ??? (in /usr/bin/python3.10)
==3208872==    by 0x363906: ??? (in /usr/bin/python3.10)
==3208872==    by 0x292833: ??? (in /usr/bin/python3.10)
==3208872==    by 0x283CBD: _PyEval_EvalFrameDefault (in /usr/bin/python3.10)
==3208872==    by 0x29368B: _PyFunction_Vectorcall (in /usr/bin/python3.10)
==3208872== 
==3208872== 1,112 bytes in 1 blocks are still reachable in loss record 69 of 86
==3208872==    at 0x4848899: malloc (in /usr/libexec/valgrind/vgpreload_memcheck-amd64-linux.so)
==3208872==    by 0x256F62: PyObject_Malloc (in /usr/bin/python3.10)
==3208872==    by 0x25B4E5: ??? (in /usr/bin/python3.10)
==3208872==    by 0x263623: ??? (in /usr/bin/python3.10)
==3208872==    by 0x25E041: PyType_Ready (in /usr/bin/python3.10)
==3208872==    by 0x363B56: PyModule_AddType (in /usr/bin/python3.10)
==3208872==    by 0x367717: PyInit__io (in /usr/bin/python3.10)
==3208872==    by 0x2963F8: ??? (in /usr/bin/python3.10)
==3208872==    by 0x363906: ??? (in /usr/bin/python3.10)
==3208872==    by 0x292833: ??? (in /usr/bin/python3.10)
==3208872==    by 0x283CBD: _PyEval_EvalFrameDefault (in /usr/bin/python3.10)
==3208872==    by 0x29368B: _PyFunction_Vectorcall (in /usr/bin/python3.10)
==3208872== 
==3208872== 1,112 bytes in 1 blocks are still reachable in loss record 70 of 86
==3208872==    at 0x4848899: malloc (in /usr/libexec/valgrind/vgpreload_memcheck-amd64-linux.so)
==3208872==    by 0x256F62: PyObject_Malloc (in /usr/bin/python3.10)
==3208872==    by 0x25B4E5: ??? (in /usr/bin/python3.10)
==3208872==    by 0x259E1C: PyDict_SetDefault (in /usr/bin/python3.10)
==3208872==    by 0x25E1B3: PyType_Ready (in /usr/bin/python3.10)
==3208872==    by 0x363B56: PyModule_AddType (in /usr/bin/python3.10)
==3208872==    by 0x367753: PyInit__io (in /usr/bin/python3.10)
==3208872==    by 0x2963F8: ??? (in /usr/bin/python3.10)
==3208872==    by 0x363906: ??? (in /usr/bin/python3.10)
==3208872==    by 0x292833: ??? (in /usr/bin/python3.10)
==3208872==    by 0x283CBD: _PyEval_EvalFrameDefault (in /usr/bin/python3.10)
==3208872==    by 0x29368B: _PyFunction_Vectorcall (in /usr/bin/python3.10)
==3208872== 
==3208872== 1,112 bytes in 1 blocks are still reachable in loss record 71 of 86
==3208872==    at 0x4848899: malloc (in /usr/libexec/valgrind/vgpreload_memcheck-amd64-linux.so)
==3208872==    by 0x256F62: PyObject_Malloc (in /usr/bin/python3.10)
==3208872==    by 0x25B4E5: ??? (in /usr/bin/python3.10)
==3208872==    by 0x259E1C: PyDict_SetDefault (in /usr/bin/python3.10)
==3208872==    by 0x25D387: PyType_Ready (in /usr/bin/python3.10)
==3208872==    by 0x363B56: PyModule_AddType (in /usr/bin/python3.10)
==3208872==    by 0x367771: PyInit__io (in /usr/bin/python3.10)
==3208872==    by 0x2963F8: ??? (in /usr/bin/python3.10)
==3208872==    by 0x363906: ??? (in /usr/bin/python3.10)
==3208872==    by 0x292833: ??? (in /usr/bin/python3.10)
==3208872==    by 0x283CBD: _PyEval_EvalFrameDefault (in /usr/bin/python3.10)
==3208872==    by 0x29368B: _PyFunction_Vectorcall (in /usr/bin/python3.10)
==3208872== 
==3208872== 1,284 bytes in 1 blocks are still reachable in loss record 72 of 86
==3208872==    at 0x4848899: malloc (in /usr/libexec/valgrind/vgpreload_memcheck-amd64-linux.so)
==3208872==    by 0x258828: ??? (in /usr/bin/python3.10)
==3208872==    by 0x25E01F: PyType_Ready (in /usr/bin/python3.10)
==3208872==    by 0x363B56: PyModule_AddType (in /usr/bin/python3.10)
==3208872==    by 0x36761F: PyInit__io (in /usr/bin/python3.10)
==3208872==    by 0x2963F8: ??? (in /usr/bin/python3.10)
==3208872==    by 0x363906: ??? (in /usr/bin/python3.10)
==3208872==    by 0x292833: ??? (in /usr/bin/python3.10)
==3208872==    by 0x283CBD: _PyEval_EvalFrameDefault (in /usr/bin/python3.10)
==3208872==    by 0x29368B: _PyFunction_Vectorcall (in /usr/bin/python3.10)
==3208872==    by 0x27DBCF: _PyEval_EvalFrameDefault (in /usr/bin/python3.10)
==3208872==    by 0x29368B: _PyFunction_Vectorcall (in /usr/bin/python3.10)
==3208872== 
==3208872== 1,332 bytes in 2 blocks are still reachable in loss record 73 of 86
==3208872==    at 0x4848899: malloc (in /usr/libexec/valgrind/vgpreload_memcheck-amd64-linux.so)
==3208872==    by 0x258828: ??? (in /usr/bin/python3.10)
==3208872==    by 0x25E01F: PyType_Ready (in /usr/bin/python3.10)
==3208872==    by 0x363B56: PyModule_AddType (in /usr/bin/python3.10)
==3208872==    by 0x382516: ??? (in /usr/bin/python3.10)
==3208872==    by 0x363032: PyModule_ExecDef (in /usr/bin/python3.10)
==3208872==    by 0x36393F: ??? (in /usr/bin/python3.10)
==3208872==    by 0x292833: ??? (in /usr/bin/python3.10)
==3208872==    by 0x283CBD: _PyEval_EvalFrameDefault (in /usr/bin/python3.10)
==3208872==    by 0x29368B: _PyFunction_Vectorcall (in /usr/bin/python3.10)
==3208872==    by 0x27DBCF: _PyEval_EvalFrameDefault (in /usr/bin/python3.10)
==3208872==    by 0x29368B: _PyFunction_Vectorcall (in /usr/bin/python3.10)
==3208872== 
==3208872== 1,393 bytes in 1 blocks are still reachable in loss record 74 of 86
==3208872==    at 0x4848899: malloc (in /usr/libexec/valgrind/vgpreload_memcheck-amd64-linux.so)
==3208872==    by 0x258828: ??? (in /usr/bin/python3.10)
==3208872==    by 0x25E01F: PyType_Ready (in /usr/bin/python3.10)
==3208872==    by 0x363B56: PyModule_AddType (in /usr/bin/python3.10)
==3208872==    by 0x367771: PyInit__io (in /usr/bin/python3.10)
==3208872==    by 0x2963F8: ??? (in /usr/bin/python3.10)
==3208872==    by 0x363906: ??? (in /usr/bin/python3.10)
==3208872==    by 0x292833: ??? (in /usr/bin/python3.10)
==3208872==    by 0x283CBD: _PyEval_EvalFrameDefault (in /usr/bin/python3.10)
==3208872==    by 0x29368B: _PyFunction_Vectorcall (in /usr/bin/python3.10)
==3208872==    by 0x27DBCF: _PyEval_EvalFrameDefault (in /usr/bin/python3.10)
==3208872==    by 0x29368B: _PyFunction_Vectorcall (in /usr/bin/python3.10)
==3208872== 
==3208872== 2,208 bytes in 1 blocks are still reachable in loss record 75 of 86
==3208872==    at 0x4848899: malloc (in /usr/libexec/valgrind/vgpreload_memcheck-amd64-linux.so)
==3208872==    by 0x256F62: PyObject_Malloc (in /usr/bin/python3.10)
==3208872==    by 0x25B4E5: ??? (in /usr/bin/python3.10)
==3208872==    by 0x263623: ??? (in /usr/bin/python3.10)
==3208872==    by 0x25C626: PyType_Ready (in /usr/bin/python3.10)
==3208872==    by 0x25F10D: PyType_Ready (in /usr/bin/python3.10)
==3208872==    by 0x35D5F8: ??? (in /usr/bin/python3.10)
==3208872==    by 0x2554A4: ??? (in /usr/bin/python3.10)
==3208872==    by 0x3581A7: ??? (in /usr/bin/python3.10)
==3208872==    by 0x357EE6: Py_InitializeFromConfig (in /usr/bin/python3.10)
==3208872==    by 0x355D2F: ??? (in /usr/bin/python3.10)
==3208872==    by 0x355C74: ??? (in /usr/bin/python3.10)
==3208872== 
==3208872== 2,208 bytes in 1 blocks are still reachable in loss record 76 of 86
==3208872==    at 0x4848899: malloc (in /usr/libexec/valgrind/vgpreload_memcheck-amd64-linux.so)
==3208872==    by 0x256F62: PyObject_Malloc (in /usr/bin/python3.10)
==3208872==    by 0x25B4E5: ??? (in /usr/bin/python3.10)
==3208872==    by 0x259E1C: PyDict_SetDefault (in /usr/bin/python3.10)
==3208872==    by 0x25E1B3: PyType_Ready (in /usr/bin/python3.10)
==3208872==    by 0x35D620: ??? (in /usr/bin/python3.10)
==3208872==    by 0x2554A4: ??? (in /usr/bin/python3.10)
==3208872==    by 0x3581A7: ??? (in /usr/bin/python3.10)
==3208872==    by 0x357EE6: Py_InitializeFromConfig (in /usr/bin/python3.10)
==3208872==    by 0x355D2F: ??? (in /usr/bin/python3.10)
==3208872==    by 0x355C74: ??? (in /usr/bin/python3.10)
==3208872==    by 0x355C4C: Py_BytesMain (in /usr/bin/python3.10)
==3208872== 
==3208872== 2,208 bytes in 1 blocks are still reachable in loss record 77 of 86
==3208872==    at 0x4848899: malloc (in /usr/libexec/valgrind/vgpreload_memcheck-amd64-linux.so)
==3208872==    by 0x256F62: PyObject_Malloc (in /usr/bin/python3.10)
==3208872==    by 0x25B4E5: ??? (in /usr/bin/python3.10)
==3208872==    by 0x259E1C: PyDict_SetDefault (in /usr/bin/python3.10)
==3208872==    by 0x25E1B3: PyType_Ready (in /usr/bin/python3.10)
==3208872==    by 0x35D648: ??? (in /usr/bin/python3.10)
==3208872==    by 0x2554A4: ??? (in /usr/bin/python3.10)
==3208872==    by 0x3581A7: ??? (in /usr/bin/python3.10)
==3208872==    by 0x357EE6: Py_InitializeFromConfig (in /usr/bin/python3.10)
==3208872==    by 0x355D2F: ??? (in /usr/bin/python3.10)
==3208872==    by 0x355C74: ??? (in /usr/bin/python3.10)
==3208872==    by 0x355C4C: Py_BytesMain (in /usr/bin/python3.10)
==3208872== 
==3208872== 2,208 bytes in 1 blocks are still reachable in loss record 78 of 86
==3208872==    at 0x4848899: malloc (in /usr/libexec/valgrind/vgpreload_memcheck-amd64-linux.so)
==3208872==    by 0x256F62: PyObject_Malloc (in /usr/bin/python3.10)
==3208872==    by 0x25B4E5: ??? (in /usr/bin/python3.10)
==3208872==    by 0x259E1C: PyDict_SetDefault (in /usr/bin/python3.10)
==3208872==    by 0x25E1B3: PyType_Ready (in /usr/bin/python3.10)
==3208872==    by 0x35D828: ??? (in /usr/bin/python3.10)
==3208872==    by 0x2554A4: ??? (in /usr/bin/python3.10)
==3208872==    by 0x3581A7: ??? (in /usr/bin/python3.10)
==3208872==    by 0x357EE6: Py_InitializeFromConfig (in /usr/bin/python3.10)
==3208872==    by 0x355D2F: ??? (in /usr/bin/python3.10)
==3208872==    by 0x355C74: ??? (in /usr/bin/python3.10)
==3208872==    by 0x355C4C: Py_BytesMain (in /usr/bin/python3.10)
==3208872== 
==3208872== 2,208 bytes in 1 blocks are still reachable in loss record 79 of 86
==3208872==    at 0x4848899: malloc (in /usr/libexec/valgrind/vgpreload_memcheck-amd64-linux.so)
==3208872==    by 0x256F62: PyObject_Malloc (in /usr/bin/python3.10)
==3208872==    by 0x25B4E5: ??? (in /usr/bin/python3.10)
==3208872==    by 0x259E1C: PyDict_SetDefault (in /usr/bin/python3.10)
==3208872==    by 0x25E1B3: PyType_Ready (in /usr/bin/python3.10)
==3208872==    by 0x35DA94: ??? (in /usr/bin/python3.10)
==3208872==    by 0x2554A4: ??? (in /usr/bin/python3.10)
==3208872==    by 0x3581A7: ??? (in /usr/bin/python3.10)
==3208872==    by 0x357EE6: Py_InitializeFromConfig (in /usr/bin/python3.10)
==3208872==    by 0x355D2F: ??? (in /usr/bin/python3.10)
==3208872==    by 0x355C74: ??? (in /usr/bin/python3.10)
==3208872==    by 0x355C4C: Py_BytesMain (in /usr/bin/python3.10)
==3208872== 
==3208872== 2,208 bytes in 1 blocks are still reachable in loss record 80 of 86
==3208872==    at 0x4848899: malloc (in /usr/libexec/valgrind/vgpreload_memcheck-amd64-linux.so)
==3208872==    by 0x256F62: PyObject_Malloc (in /usr/bin/python3.10)
==3208872==    by 0x25B4E5: ??? (in /usr/bin/python3.10)
==3208872==    by 0x259E1C: PyDict_SetDefault (in /usr/bin/python3.10)
==3208872==    by 0x25E1B3: PyType_Ready (in /usr/bin/python3.10)
==3208872==    by 0x35DB48: ??? (in /usr/bin/python3.10)
==3208872==    by 0x2554A4: ??? (in /usr/bin/python3.10)
==3208872==    by 0x3581A7: ??? (in /usr/bin/python3.10)
==3208872==    by 0x357EE6: Py_InitializeFromConfig (in /usr/bin/python3.10)
==3208872==    by 0x355D2F: ??? (in /usr/bin/python3.10)
==3208872==    by 0x355C74: ??? (in /usr/bin/python3.10)
==3208872==    by 0x355C4C: Py_BytesMain (in /usr/bin/python3.10)
==3208872== 
==3208872== 2,208 bytes in 1 blocks are still reachable in loss record 81 of 86
==3208872==    at 0x4848899: malloc (in /usr/libexec/valgrind/vgpreload_memcheck-amd64-linux.so)
==3208872==    by 0x256F62: PyObject_Malloc (in /usr/bin/python3.10)
==3208872==    by 0x25B4E5: ??? (in /usr/bin/python3.10)
==3208872==    by 0x263623: ??? (in /usr/bin/python3.10)
==3208872==    by 0x25C626: PyType_Ready (in /usr/bin/python3.10)
==3208872==    by 0x35DC60: ??? (in /usr/bin/python3.10)
==3208872==    by 0x2554A4: ??? (in /usr/bin/python3.10)
==3208872==    by 0x3581A7: ??? (in /usr/bin/python3.10)
==3208872==    by 0x357EE6: Py_InitializeFromConfig (in /usr/bin/python3.10)
==3208872==    by 0x355D2F: ??? (in /usr/bin/python3.10)
==3208872==    by 0x355C74: ??? (in /usr/bin/python3.10)
==3208872==    by 0x355C4C: Py_BytesMain (in /usr/bin/python3.10)
==3208872== 
==3208872== 2,208 bytes in 1 blocks are still reachable in loss record 82 of 86
==3208872==    at 0x4848899: malloc (in /usr/libexec/valgrind/vgpreload_memcheck-amd64-linux.so)
==3208872==    by 0x256F62: PyObject_Malloc (in /usr/bin/python3.10)
==3208872==    by 0x25B4E5: ??? (in /usr/bin/python3.10)
==3208872==    by 0x263623: ??? (in /usr/bin/python3.10)
==3208872==    by 0x25C626: PyType_Ready (in /usr/bin/python3.10)
==3208872==    by 0x35DC74: ??? (in /usr/bin/python3.10)
==3208872==    by 0x2554A4: ??? (in /usr/bin/python3.10)
==3208872==    by 0x3581A7: ??? (in /usr/bin/python3.10)
==3208872==    by 0x357EE6: Py_InitializeFromConfig (in /usr/bin/python3.10)
==3208872==    by 0x355D2F: ??? (in /usr/bin/python3.10)
==3208872==    by 0x355C74: ??? (in /usr/bin/python3.10)
==3208872==    by 0x355C4C: Py_BytesMain (in /usr/bin/python3.10)
==3208872== 
==3208872== 2,208 bytes in 1 blocks are still reachable in loss record 83 of 86
==3208872==    at 0x4848899: malloc (in /usr/libexec/valgrind/vgpreload_memcheck-amd64-linux.so)
==3208872==    by 0x256F62: PyObject_Malloc (in /usr/bin/python3.10)
==3208872==    by 0x25B4E5: ??? (in /usr/bin/python3.10)
==3208872==    by 0x259E1C: PyDict_SetDefault (in /usr/bin/python3.10)
==3208872==    by 0x25DD87: PyType_Ready (in /usr/bin/python3.10)
==3208872==    by 0x363B56: PyModule_AddType (in /usr/bin/python3.10)
==3208872==    by 0x38283B: ??? (in /usr/bin/python3.10)
==3208872==    by 0x363032: PyModule_ExecDef (in /usr/bin/python3.10)
==3208872==    by 0x36393F: ??? (in /usr/bin/python3.10)
==3208872==    by 0x292833: ??? (in /usr/bin/python3.10)
==3208872==    by 0x283CBD: _PyEval_EvalFrameDefault (in /usr/bin/python3.10)
==3208872==    by 0x29368B: _PyFunction_Vectorcall (in /usr/bin/python3.10)
==3208872== 
==3208872== 9,248 bytes in 1 blocks are still reachable in loss record 84 of 86
==3208872==    at 0x4848899: malloc (in /usr/libexec/valgrind/vgpreload_memcheck-amd64-linux.so)
==3208872==    by 0x256F62: PyObject_Malloc (in /usr/bin/python3.10)
==3208872==    by 0x25B4E5: ??? (in /usr/bin/python3.10)
==3208872==    by 0x263623: ??? (in /usr/bin/python3.10)
==3208872==    by 0x25D2A8: PyType_Ready (in /usr/bin/python3.10)
==3208872==    by 0x28A6C7: ??? (in /usr/bin/python3.10)
==3208872==    by 0x2897E6: _PyObject_MakeTpCall (in /usr/bin/python3.10)
==3208872==    by 0x288BF2: _PyObject_FastCallDictTstate (in /usr/bin/python3.10)
==3208872==    by 0x286DD3: ??? (in /usr/bin/python3.10)
==3208872==    by 0x28696E: ??? (in /usr/bin/python3.10)
==3208872==    by 0x27DBCF: _PyEval_EvalFrameDefault (in /usr/bin/python3.10)
==3208872==    by 0x361D35: ??? (in /usr/bin/python3.10)
==3208872== 
==3208872== 131,072 bytes in 1 blocks are still reachable in loss record 85 of 86
==3208872==    at 0x484DA83: calloc (in /usr/libexec/valgrind/vgpreload_memcheck-amd64-linux.so)
==3208872==    by 0x35C8D1: ??? (in /usr/bin/python3.10)
==3208872==    by 0x2572D3: ??? (in /usr/bin/python3.10)
==3208872==    by 0x255257: ??? (in /usr/bin/python3.10)
==3208872==    by 0x3581A7: ??? (in /usr/bin/python3.10)
==3208872==    by 0x357EE6: Py_InitializeFromConfig (in /usr/bin/python3.10)
==3208872==    by 0x355D2F: ??? (in /usr/bin/python3.10)
==3208872==    by 0x355C74: ??? (in /usr/bin/python3.10)
==3208872==    by 0x355C4C: Py_BytesMain (in /usr/bin/python3.10)
==3208872==    by 0x49D2D8F: (below main) (libc_start_call_main.h:58)
==3208872== 
==3208872== 262,144 bytes in 1 blocks are still reachable in loss record 86 of 86
==3208872==    at 0x484DA83: calloc (in /usr/libexec/valgrind/vgpreload_memcheck-amd64-linux.so)
==3208872==    by 0x35C85B: ??? (in /usr/bin/python3.10)
==3208872==    by 0x2572D3: ??? (in /usr/bin/python3.10)
==3208872==    by 0x255257: ??? (in /usr/bin/python3.10)
==3208872==    by 0x3581A7: ??? (in /usr/bin/python3.10)
==3208872==    by 0x357EE6: Py_InitializeFromConfig (in /usr/bin/python3.10)
==3208872==    by 0x355D2F: ??? (in /usr/bin/python3.10)
==3208872==    by 0x355C74: ??? (in /usr/bin/python3.10)
==3208872==    by 0x355C4C: Py_BytesMain (in /usr/bin/python3.10)
==3208872==    by 0x49D2D8F: (below main) (libc_start_call_main.h:58)
==3208872== 
==3208872== LEAK SUMMARY:
==3208872==    definitely lost: 0 bytes in 0 blocks
==3208872==    indirectly lost: 0 bytes in 0 blocks
==3208872==      possibly lost: 0 bytes in 0 blocks
==3208872==    still reachable: 480,330 bytes in 87 blocks
==3208872==         suppressed: 0 bytes in 0 blocks
==3208872== 
==3208872== ERROR SUMMARY: 0 errors from 0 contexts (suppressed: 0 from 0)
