==74549== Memcheck, a memory error detector
==74549== Copyright (C) 2002-2017, and GNU GPL'd, by Julian Seward et al.
==74549== Using Valgrind-3.18.1-42b08ed5bd-20211015 and LibVEX; rerun with -h for copyright info
==74549== Command: ./Webserv config/4-everything.conf
==74549== Parent PID: 66233
==74549== 
--74549-- 
--74549-- Valgrind options:
--74549--    --leak-check=full
--74549--    --show-leak-kinds=all
--74549--    --track-fds=yes
--74549--    --verbose
--74549--    --log-file=valgrind.log
--74549-- Contents of /proc/version:
--74549--   Linux version 6.18.25-1-t2-jammy (root@27fd515f7681) (gcc (Ubuntu 11.4.0-1ubuntu1~22.04.3) 11.4.0, GNU ld (GNU Binutils for Ubuntu) 2.38) #1 SMP PREEMPT_DYNAMIC Mon Apr 27 18:40:28 UTC 2026
--74549-- 
--74549-- Arch and hwcaps: AMD64, LittleEndian, amd64-cx16-lzcnt-rdtscp-sse3-ssse3-avx-avx2-bmi-f16c-rdrand-rdseed
--74549-- Page sizes: currently 4096, max supported 4096
--74549-- Valgrind library directory: /usr/libexec/valgrind
--74549-- Reading syms from /home/mlaffita/Documents/WebServ/Webserv
--74549-- Reading syms from /usr/lib/x86_64-linux-gnu/ld-linux-x86-64.so.2
--74549--   Considering /usr/lib/debug/.build-id/8c/fa19934886748ff4603da8aa8fdb0c2402b8cf.debug ..
--74549--   .. build-id is valid
--74549-- Reading syms from /usr/libexec/valgrind/memcheck-amd64-linux
--74549--    object doesn't have a symbol table
--74549--    object doesn't have a dynamic symbol table
--74549-- Scheduler: using generic scheduler lock implementation.
--74549-- Reading suppressions file: /usr/libexec/valgrind/default.supp
==74549== embedded gdbserver: reading from /tmp/vgdb-pipe-from-vgdb-to-74549-by-mlaffita-on-???
==74549== embedded gdbserver: writing to   /tmp/vgdb-pipe-to-vgdb-from-74549-by-mlaffita-on-???
==74549== embedded gdbserver: shared mem   /tmp/vgdb-pipe-shared-mem-vgdb-74549-by-mlaffita-on-???
==74549== 
==74549== TO CONTROL THIS PROCESS USING vgdb (which you probably
==74549== don't want to do, unless you know exactly what you're doing,
==74549== or are doing some strange experiment):
==74549==   /usr/bin/vgdb --pid=74549 ...command...
==74549== 
==74549== TO DEBUG THIS PROCESS USING GDB: start GDB like this
==74549==   /path/to/gdb ./Webserv
==74549== and then give GDB the following command
==74549==   target remote | /usr/bin/vgdb --pid=74549
==74549== --pid is optional if only one valgrind process is running
==74549== 
--74549-- REDIR: 0x402aa40 (ld-linux-x86-64.so.2:strlen) redirected to 0x580bcec2 (???)
--74549-- REDIR: 0x402a810 (ld-linux-x86-64.so.2:index) redirected to 0x580bcedc (???)
--74549-- Reading syms from /usr/libexec/valgrind/vgpreload_core-amd64-linux.so
--74549--    object doesn't have a symbol table
--74549-- Reading syms from /usr/libexec/valgrind/vgpreload_memcheck-amd64-linux.so
--74549--    object doesn't have a symbol table
==74549== WARNING: new redirection conflicts with existing -- ignoring it
--74549--     old: 0x0402aa40 (strlen              ) R-> (0000.0) 0x580bcec2 ???
--74549--     new: 0x0402aa40 (strlen              ) R-> (2007.0) 0x0484ee30 strlen
--74549-- REDIR: 0x4027220 (ld-linux-x86-64.so.2:strcmp) redirected to 0x484fcd0 (strcmp)
--74549-- REDIR: 0x402afa0 (ld-linux-x86-64.so.2:mempcpy) redirected to 0x4853840 (mempcpy)
--74549-- Reading syms from /usr/lib/x86_64-linux-gnu/libstdc++.so.6.0.30
--74549--    object doesn't have a symbol table
--74549-- Reading syms from /usr/lib/x86_64-linux-gnu/libm.so.6
--74549--   Considering /usr/lib/debug/.build-id/2a/c471af4796e5b69e0e2dde85c3d3dacdcc0b3d.debug ..
--74549--   .. build-id is valid
--74549-- Reading syms from /usr/lib/x86_64-linux-gnu/libgcc_s.so.1
--74549--    object doesn't have a symbol table
--74549-- Reading syms from /usr/lib/x86_64-linux-gnu/libc.so.6
--74549--   Considering /usr/lib/debug/.build-id/09/5c7ba148aeca81668091f718047078d57efddb.debug ..
--74549--   .. build-id is valid
==74549== WARNING: new redirection conflicts with existing -- ignoring it
--74549--     old: 0x04c4dc60 (memalign            ) R-> (1011.0) 0x0484e080 memalign
--74549--     new: 0x04c4dc60 (memalign            ) R-> (1017.0) 0x0484e050 aligned_alloc
==74549== WARNING: new redirection conflicts with existing -- ignoring it
--74549--     old: 0x04c4dc60 (memalign            ) R-> (1011.0) 0x0484e080 memalign
--74549--     new: 0x04c4dc60 (memalign            ) R-> (1017.0) 0x0484e020 aligned_alloc
==74549== WARNING: new redirection conflicts with existing -- ignoring it
--74549--     old: 0x04c4dc60 (memalign            ) R-> (1011.0) 0x0484e080 memalign
--74549--     new: 0x04c4dc60 (memalign            ) R-> (1017.0) 0x0484e050 aligned_alloc
==74549== WARNING: new redirection conflicts with existing -- ignoring it
--74549--     old: 0x04c4dc60 (memalign            ) R-> (1011.0) 0x0484e080 memalign
--74549--     new: 0x04c4dc60 (memalign            ) R-> (1017.0) 0x0484e020 aligned_alloc
--74549-- REDIR: 0x4c50720 (libc.so.6:strnlen) redirected to 0x483f220 (_vgnU_ifunc_wrapper)
--74549-- REDIR: 0x4c509e0 (libc.so.6:strpbrk) redirected to 0x483f220 (_vgnU_ifunc_wrapper)
--74549-- REDIR: 0x4c502e0 (libc.so.6:strcmp) redirected to 0x483f220 (_vgnU_ifunc_wrapper)
--74549-- REDIR: 0x4c6ecd0 (libc.so.6:wcsnlen) redirected to 0x483f220 (_vgnU_ifunc_wrapper)
--74549-- REDIR: 0x4c516d0 (libc.so.6:memset) redirected to 0x483f220 (_vgnU_ifunc_wrapper)
--74549-- REDIR: 0x4c6d540 (libc.so.6:wcslen) redirected to 0x483f220 (_vgnU_ifunc_wrapper)
--74549-- REDIR: 0x4c51c10 (libc.so.6:memcpy@@GLIBC_2.14) redirected to 0x483f220 (_vgnU_ifunc_wrapper)
--74549-- REDIR: 0x4c6d370 (libc.so.6:wcschr) redirected to 0x483f220 (_vgnU_ifunc_wrapper)
--74549-- REDIR: 0x4c50260 (libc.so.6:index) redirected to 0x483f220 (_vgnU_ifunc_wrapper)
--74549-- REDIR: 0x4c50960 (libc.so.6:rindex) redirected to 0x483f220 (_vgnU_ifunc_wrapper)
--74549-- REDIR: 0x4c515a0 (libc.so.6:memmove) redirected to 0x483f220 (_vgnU_ifunc_wrapper)
==74549== Preferring higher priority redirection:
--74549--     old: 0x04d48880 (__memcpy_avx_unalign) R-> (2018.0) 0x04850f90 __memcpy_avx_unaligned_erms
--74549--     new: 0x04d48880 (__memcpy_avx_unalign) R-> (2018.1) 0x04852880 memmove
--74549-- REDIR: 0x4c6d3f0 (libc.so.6:wcscmp) redirected to 0x483f220 (_vgnU_ifunc_wrapper)
--74549-- REDIR: 0x4c519e0 (libc.so.6:stpncpy) redirected to 0x483f220 (_vgnU_ifunc_wrapper)
--74549-- REDIR: 0x4c6d9b0 (libc.so.6:wmemchr) redirected to 0x483f220 (_vgnU_ifunc_wrapper)
--74549-- REDIR: 0x4c50830 (libc.so.6:strncmp) redirected to 0x483f220 (_vgnU_ifunc_wrapper)
--74549-- REDIR: 0x4c51a70 (libc.so.6:strcasecmp) redirected to 0x483f220 (_vgnU_ifunc_wrapper)
--74549-- REDIR: 0x4c50420 (libc.so.6:strcspn) redirected to 0x483f220 (_vgnU_ifunc_wrapper)
--74549-- REDIR: 0x4c6d470 (libc.so.6:wcscpy) redirected to 0x483f220 (_vgnU_ifunc_wrapper)
--74549-- REDIR: 0x4c501d0 (libc.so.6:strcat) redirected to 0x483f220 (_vgnU_ifunc_wrapper)
--74549-- REDIR: 0x4c51b60 (libc.so.6:strncasecmp_l) redirected to 0x483f220 (_vgnU_ifunc_wrapper)
--74549-- REDIR: 0x4c51480 (libc.so.6:bcmp) redirected to 0x483f220 (_vgnU_ifunc_wrapper)
--74549-- REDIR: 0x4c59570 (libc.so.6:memrchr) redirected to 0x483f220 (_vgnU_ifunc_wrapper)
--74549-- REDIR: 0x4c53010 (libc.so.6:strchrnul) redirected to 0x483f220 (_vgnU_ifunc_wrapper)
--74549-- REDIR: 0x4c50390 (libc.so.6:strcpy) redirected to 0x483f220 (_vgnU_ifunc_wrapper)
--74549-- REDIR: 0x4c51b10 (libc.so.6:strcasecmp_l) redirected to 0x483f220 (_vgnU_ifunc_wrapper)
--74549-- REDIR: 0x4c506a0 (libc.so.6:strlen) redirected to 0x483f220 (_vgnU_ifunc_wrapper)
--74549-- REDIR: 0x4c508d0 (libc.so.6:strncpy) redirected to 0x483f220 (_vgnU_ifunc_wrapper)
--74549-- REDIR: 0x4c51950 (libc.so.6:stpcpy) redirected to 0x483f220 (_vgnU_ifunc_wrapper)
--74549-- REDIR: 0x4c513f0 (libc.so.6:memchr) redirected to 0x483f220 (_vgnU_ifunc_wrapper)
--74549-- REDIR: 0x4c50b00 (libc.so.6:strspn) redirected to 0x483f220 (_vgnU_ifunc_wrapper)
--74549-- REDIR: 0x4c517d0 (libc.so.6:mempcpy) redirected to 0x483f220 (_vgnU_ifunc_wrapper)
--74549-- REDIR: 0x4c51ac0 (libc.so.6:strncasecmp) redirected to 0x483f220 (_vgnU_ifunc_wrapper)
--74549-- REDIR: 0x4c52f80 (libc.so.6:rawmemchr) redirected to 0x483f220 (_vgnU_ifunc_wrapper)
--74549-- REDIR: 0x4d456d0 (libc.so.6:__strrchr_avx2) redirected to 0x484e810 (rindex)
--74549-- REDIR: 0x4c4d0a0 (libc.so.6:malloc) redirected to 0x4848820 (malloc)
--74549-- REDIR: 0x4d458a0 (libc.so.6:__strlen_avx2) redirected to 0x484ed10 (strlen)
--74549-- REDIR: 0x4d41b40 (libc.so.6:__memcmp_avx2_movbe) redirected to 0x4852010 (bcmp)
--74549-- REDIR: 0x4923970 (libstdc++.so.6:operator new(unsigned long)) redirected to 0x4848fa0 (operator new(unsigned long))
--74549-- REDIR: 0x4d48880 (libc.so.6:__memcpy_avx_unaligned_erms) redirected to 0x4852880 (memmove)
--74549-- REDIR: 0x4c50fc0 (libc.so.6:__GI_strstr) redirected to 0x4853ae0 (__strstr_sse2)
--74549-- REDIR: 0x49239d0 (libstdc++.so.6:operator new[](unsigned long)) redirected to 0x484a280 (operator new[](unsigned long))
--74549-- REDIR: 0x4921c10 (libstdc++.so.6:operator delete(void*)) redirected to 0x484b840 (operator delete(void*))
--74549-- REDIR: 0x4921c40 (libstdc++.so.6:operator delete[](void*)) redirected to 0x484ca20 (operator delete[](void*))
--74549-- REDIR: 0x4c4d3e0 (libc.so.6:free) redirected to 0x484b210 (free)
--74549-- REDIR: 0x4d41380 (libc.so.6:__memchr_avx2) redirected to 0x484fd50 (memchr)
--74549-- REDIR: 0x4d49040 (libc.so.6:__memset_avx2_unaligned_erms) redirected to 0x4852770 (memset)
--74549-- REDIR: 0x4d48840 (libc.so.6:__mempcpy_avx_unaligned_erms) redirected to 0x4853440 (mempcpy)
--74549-- REDIR: 0x4d454c0 (libc.so.6:__strchrnul_avx2) redirected to 0x4853330 (strchrnul)
==74549== 
==74549== FILE DESCRIPTORS: 6 open (3 std) at exit.
==74549== Open file descriptor 103: /usr/share/code/v8_context_snapshot.bin
==74549==    <inherited from parent>
==74549== 
==74549== Open file descriptor 41: /home/mlaffita/.config/Code/logs/20260616T152844/ptyhost.log
==74549==    <inherited from parent>
==74549== 
==74549== Open file descriptor 3: /home/mlaffita/Documents/WebServ/valgrind.log
==74549==    <inherited from parent>
==74549== 
==74549== 
==74549== HEAP SUMMARY:
==74549==     in use at exit: 0 bytes in 0 blocks
==74549==   total heap usage: 551 allocs, 551 frees, 194,860 bytes allocated
==74549== 
==74549== All heap blocks were freed -- no leaks are possible
==74549== 
==74549== ERROR SUMMARY: 0 errors from 0 contexts (suppressed: 0 from 0)
